Archive member included to satisfy reference by file (symbol)

/usr/lib/gcc/arm-none-eabi/9.2.1/thumb/v6-m/nofp/libgcc.a(_dvmd_tls.o)
                              CMakeFiles/eeprom_programmer.dir/home/casey/pico-sdk/src/rp2_common/pico_divider/divider.S.obj (__aeabi_idiv0)
/usr/lib/gcc/arm-none-eabi/9.2.1/../../../arm-none-eabi/lib/thumb/v6-m/nofp/libc.a(lib_a-atexit.o)
                              /usr/lib/gcc/arm-none-eabi/9.2.1/../../../arm-none-eabi/lib/thumb/v6-m/nofp/crt0.o (atexit)
/usr/lib/gcc/arm-none-eabi/9.2.1/../../../arm-none-eabi/lib/thumb/v6-m/nofp/libc.a(lib_a-calloc.o)
                              CMakeFiles/eeprom_programmer.dir/home/casey/pico-sdk/src/rp2_common/pico_malloc/pico_malloc.c.obj (calloc)
/usr/lib/gcc/arm-none-eabi/9.2.1/../../../arm-none-eabi/lib/thumb/v6-m/nofp/libc.a(lib_a-callocr.o)
                              /usr/lib/gcc/arm-none-eabi/9.2.1/../../../arm-none-eabi/lib/thumb/v6-m/nofp/libc.a(lib_a-calloc.o) (_calloc_r)
/usr/lib/gcc/arm-none-eabi/9.2.1/../../../arm-none-eabi/lib/thumb/v6-m/nofp/libc.a(lib_a-fflush.o)
                              CMakeFiles/eeprom_programmer.dir/stdlib_io.nim.c.obj (fflush)
/usr/lib/gcc/arm-none-eabi/9.2.1/../../../arm-none-eabi/lib/thumb/v6-m/nofp/libc.a(lib_a-findfp.o)
                              /usr/lib/gcc/arm-none-eabi/9.2.1/../../../arm-none-eabi/lib/thumb/v6-m/nofp/libc.a(lib_a-fflush.o) (__sinit)
/usr/lib/gcc/arm-none-eabi/9.2.1/../../../arm-none-eabi/lib/thumb/v6-m/nofp/libc.a(lib_a-fini.o)
                              /usr/lib/gcc/arm-none-eabi/9.2.1/../../../arm-none-eabi/lib/thumb/v6-m/nofp/crt0.o (__libc_fini_array)
/usr/lib/gcc/arm-none-eabi/9.2.1/../../../arm-none-eabi/lib/thumb/v6-m/nofp/libc.a(lib_a-freer.o)
                              /usr/lib/gcc/arm-none-eabi/9.2.1/../../../arm-none-eabi/lib/thumb/v6-m/nofp/libc.a(lib_a-fflush.o) (_free_r)
/usr/lib/gcc/arm-none-eabi/9.2.1/../../../arm-none-eabi/lib/thumb/v6-m/nofp/libc.a(lib_a-fwalk.o)
                              /usr/lib/gcc/arm-none-eabi/9.2.1/../../../arm-none-eabi/lib/thumb/v6-m/nofp/libc.a(lib_a-findfp.o) (_fwalk)
/usr/lib/gcc/arm-none-eabi/9.2.1/../../../arm-none-eabi/lib/thumb/v6-m/nofp/libc.a(lib_a-fwrite.o)
                              CMakeFiles/eeprom_programmer.dir/stdlib_io.nim.c.obj (fwrite)
/usr/lib/gcc/arm-none-eabi/9.2.1/../../../arm-none-eabi/lib/thumb/v6-m/nofp/libc.a(lib_a-impure.o)
                              /usr/lib/gcc/arm-none-eabi/9.2.1/../../../arm-none-eabi/lib/thumb/v6-m/nofp/libc.a(lib_a-fflush.o) (_global_impure_ptr)
/usr/lib/gcc/arm-none-eabi/9.2.1/../../../arm-none-eabi/lib/thumb/v6-m/nofp/libc.a(lib_a-init.o)
                              /usr/lib/gcc/arm-none-eabi/9.2.1/../../../arm-none-eabi/lib/thumb/v6-m/nofp/crt0.o (__libc_init_array)
/usr/lib/gcc/arm-none-eabi/9.2.1/../../../arm-none-eabi/lib/thumb/v6-m/nofp/libc.a(lib_a-malloc.o)
                              CMakeFiles/eeprom_programmer.dir/home/casey/pico-sdk/src/rp2_common/pico_malloc/pico_malloc.c.obj (malloc)
/usr/lib/gcc/arm-none-eabi/9.2.1/../../../arm-none-eabi/lib/thumb/v6-m/nofp/libc.a(lib_a-mallocr.o)
                              /usr/lib/gcc/arm-none-eabi/9.2.1/../../../arm-none-eabi/lib/thumb/v6-m/nofp/libc.a(lib_a-callocr.o) (_malloc_r)
/usr/lib/gcc/arm-none-eabi/9.2.1/../../../arm-none-eabi/lib/thumb/v6-m/nofp/libc.a(lib_a-mlock.o)
                              /usr/lib/gcc/arm-none-eabi/9.2.1/../../../arm-none-eabi/lib/thumb/v6-m/nofp/libc.a(lib_a-freer.o) (__malloc_lock)
/usr/lib/gcc/arm-none-eabi/9.2.1/../../../arm-none-eabi/lib/thumb/v6-m/nofp/libc.a(lib_a-realloc.o)
                              CMakeFiles/eeprom_programmer.dir/stdlib_system.nim.c.obj (realloc)
/usr/lib/gcc/arm-none-eabi/9.2.1/../../../arm-none-eabi/lib/thumb/v6-m/nofp/libc.a(lib_a-reallocr.o)
                              /usr/lib/gcc/arm-none-eabi/9.2.1/../../../arm-none-eabi/lib/thumb/v6-m/nofp/libc.a(lib_a-realloc.o) (_realloc_r)
/usr/lib/gcc/arm-none-eabi/9.2.1/../../../arm-none-eabi/lib/thumb/v6-m/nofp/libc.a(lib_a-sbrkr.o)
                              /usr/lib/gcc/arm-none-eabi/9.2.1/../../../arm-none-eabi/lib/thumb/v6-m/nofp/libc.a(lib_a-freer.o) (_sbrk_r)
/usr/lib/gcc/arm-none-eabi/9.2.1/../../../arm-none-eabi/lib/thumb/v6-m/nofp/libc.a(lib_a-signal.o)
                              CMakeFiles/eeprom_programmer.dir/stdlib_system.nim.c.obj (signal)
/usr/lib/gcc/arm-none-eabi/9.2.1/../../../arm-none-eabi/lib/thumb/v6-m/nofp/libc.a(lib_a-signalr.o)
                              /usr/lib/gcc/arm-none-eabi/9.2.1/../../../arm-none-eabi/lib/thumb/v6-m/nofp/libc.a(lib_a-signal.o) (_kill_r)
/usr/lib/gcc/arm-none-eabi/9.2.1/../../../arm-none-eabi/lib/thumb/v6-m/nofp/libc.a(lib_a-stdio.o)
                              /usr/lib/gcc/arm-none-eabi/9.2.1/../../../arm-none-eabi/lib/thumb/v6-m/nofp/libc.a(lib_a-findfp.o) (__sread)
/usr/lib/gcc/arm-none-eabi/9.2.1/../../../arm-none-eabi/lib/thumb/v6-m/nofp/libc.a(lib_a-strlen-stub.o)
[...]
Memory Configuration

Name             Origin             Length             Attributes
FLASH            0x0000000010000000 0x0000000000200000 xr
RAM              0x0000000020000000 0x0000000000040000 xrw
SCRATCH_X        0x0000000020040000 0x0000000000001000 xrw
SCRATCH_Y        0x0000000020041000 0x0000000000001000 xrw
*default*        0x0000000000000000 0xffffffffffffffff

Linker script and memory map

LOAD /usr/lib/gcc/arm-none-eabi/9.2.1/thumb/v6-m/nofp/crti.o
LOAD /usr/lib/gcc/arm-none-eabi/9.2.1/thumb/v6-m/nofp/crtbegin.o
LOAD /usr/lib/gcc/arm-none-eabi/9.2.1/../../../arm-none-eabi/lib/thumb/v6-m/nofp/crt0.o

.flash_begin    0x0000000010000000        0x0
                0x0000000010000000                __flash_binary_start = .

.boot2          0x0000000010000000      0x100
                0x0000000010000000                __boot2_start__ = .
 *(.boot2)
 .boot2         0x0000000010000000      0x100 /tmp/ccgClODr.o
                0x0000000010000100                __boot2_end__ = .
                0x0000000000000001                ASSERT (((__boot2_end__ - __boot2_start__) == 0x100), ERROR: Pico second stage bootloader must be 256 bytes in size)

.text           0x0000000010000100     0xfdb8
                0x0000000010000100                __logical_binary_start = .
 *(.vectors)
 .vectors       0x0000000010000100       0xd4 CMakeFiles/eeprom_programmer.dir/home/casey/pico-sdk/src/rp2_common/pico_standard_link/crt0.S.obj
                0x0000000010000100                __vectors
                0x0000000010000100                __VECTOR_TABLE
                0x00000000100001c0                isr_invalid
                0x00000000100001c0                __default_isrs_start
                0x00000000100001c2                isr_nmi
                0x00000000100001c4                isr_hardfault
                0x00000000100001c6                isr_svcall
                0x00000000100001c8                isr_pendsv
                0x00000000100001ca                isr_systick
                0x00000000100001cc                isr_irq30
                0x00000000100001cc                __unhandled_user_irq
                0x00000000100001cc                isr_irq13
                0x00000000100001cc                isr_irq27
                0x00000000100001cc                isr_irq31
                0x00000000100001cc                isr_irq5
                0x00000000100001cc                isr_irq11
                0x00000000100001cc                isr_irq23
                0x00000000100001cc                isr_irq18
                0x00000000100001cc                isr_irq28
                0x00000000100001cc                isr_irq19
                0x00000000100001cc                isr_irq0
                0x00000000100001cc                isr_irq6
                0x00000000100001cc                isr_irq22
                0x00000000100001cc                isr_irq17
                0x00000000100001cc                isr_irq14
                0x00000000100001cc                isr_irq2
                0x00000000100001cc                isr_irq10
                0x00000000100001cc                isr_irq8
                0x00000000100001cc                isr_irq24
                0x00000000100001cc                isr_irq1
                0x00000000100001cc                isr_irq7
                0x00000000100001cc                isr_irq21
                0x00000000100001cc                isr_irq20
                0x00000000100001cc                isr_irq15
                0x00000000100001cc                isr_irq25
                0x00000000100001cc                isr_irq4
                0x00000000100001cc                isr_irq16
                0x00000000100001cc                isr_irq29
                0x00000000100001cc                isr_irq26
                0x00000000100001cc                __default_isrs_end
                0x00000000100001cc                isr_irq3
                0x00000000100001cc                isr_irq12
                0x00000000100001cc                isr_irq9
                0x00000000100001d2                unhandled_user_irq_num_in_r0
 *(.binary_info_header)
 .binary_info_header
                0x00000000100001d4       0x14 CMakeFiles/eeprom_programmer.dir/home/casey/pico-sdk/src/rp2_common/pico_standard_link/crt0.S.obj
                0x00000000100001e8                __binary_info_header_end = .
 *(.reset)
 .reset         0x00000000100001e8       0xa8 CMakeFiles/eeprom_programmer.dir/home/casey/pico-sdk/src/rp2_common/pico_standard_link/crt0.S.obj
                0x00000000100001e8                _entry_point
                0x0000000010000266                __get_current_exception
 .reset         0x0000000010000290       0x30 CMakeFiles/eeprom_programmer.dir/home/casey/pico-sdk/src/rp2_common/pico_standard_link/binary_info.c.obj
 *(.init)
 .init          0x00000000100002c0        0x4 /usr/lib/gcc/arm-none-eabi/9.2.1/thumb/v6-m/nofp/crti.o
                0x00000000100002c0                _init
 *(EXCLUDE_FILE(*libm.a: *libc.a:*lib_a-mem*.o *libgcc.a:) .text*)
 .text          0x00000000100002c4       0x98 /usr/lib/gcc/arm-none-eabi/9.2.1/thumb/v6-m/nofp/crtbegin.o
 .text.pulse__3gK3JPW72sWOe5GpvMphTA
                0x000000001000035c       0x10 CMakeFiles/eeprom_programmer.dir/@m..@s..@s..@s..@s..@s..@s.nimble@spkgs@sadvancedIO-0.2.4@sadvancedIO.nim.c.obj
                0x000000001000035c                pulse__3gK3JPW72sWOe5GpvMphTA
 .text.shiftOut__oh9bttFDj3znjBotTg4Gv8w
                0x000000001000036c      0x124 CMakeFiles/eeprom_programmer.dir/@m..@s..@s..@s..@s..@s..@s.nimble@spkgs@sadvancedIO-0.2.4@sadvancedIO.nim.c.obj
                0x000000001000036c                shiftOut__oh9bttFDj3znjBotTg4Gv8w
 .text.shiftOut__GiW9apWzGLHTCa4iEYxm0KQ
                0x0000000010000490      0x214 CMakeFiles/eeprom_programmer.dir/@m..@s..@s..@s..@s..@s..@s.nimble@spkgs@sadvancedIO-0.2.4@sadvancedIO.nim.c.obj
                0x0000000010000490                shiftOut__GiW9apWzGLHTCa4iEYxm0KQ
 .text.shiftOut__e069aaqO5irzbgrm9aIV6Hzw
                0x00000000100006a4       0x4c CMakeFiles/eeprom_programmer.dir/@m..@s..@s..@s..@s..@s..@s.nimble@spkgs@sadvancedIO-0.2.4@sadvancedIO.nim.c.obj
                0x00000000100006a4                shiftOut__e069aaqO5irzbgrm9aIV6Hzw
 .text.PreMainInner
                0x00000000100006f0        0x4 CMakeFiles/eeprom_programmer.dir/eeprom_programmer.c.obj
                0x00000000100006f0                PreMainInner
 .text.validateEEPROM__9a32l0bG6PXqbVn2DbRSYBQ
                0x00000000100006f4      0x2ec CMakeFiles/eeprom_programmer.dir/eeprom_programmer.c.obj
                0x00000000100006f4                validateEEPROM__9a32l0bG6PXqbVn2DbRSYBQ
 .text.dollar___qYzpYseuMj9cCKH1yCYQR2Q
                0x00000000100009e0       0x24 CMakeFiles/eeprom_programmer.dir/eeprom_programmer.c.obj
                0x00000000100009e0                dollar___qYzpYseuMj9cCKH1yCYQR2Q
 .text.eqcopy___tB0UasZGInHb3JJUEVb0IQ
                0x0000000010000a04       0x54 CMakeFiles/eeprom_programmer.dir/eeprom_programmer.c.obj
                0x0000000010000a04                eqcopy___tB0UasZGInHb3JJUEVb0IQ
 .text.newEEPROM__2N4SUM09aRJ3MerCg9aPMpWw
                0x0000000010000a58      0x368 CMakeFiles/eeprom_programmer.dir/eeprom_programmer.c.obj
                0x0000000010000a58                newEEPROM__2N4SUM09aRJ3MerCg9aPMpWw
 .text.setInputs__ZEyXVzX0Jjh4Lm2m3u0kqg
                0x0000000010000dc0      0xc50 CMakeFiles/eeprom_programmer.dir/eeprom_programmer.c.obj
                0x0000000010000dc0                setInputs__ZEyXVzX0Jjh4Lm2m3u0kqg
 .text.writeEEPROM__AFzodz8r7BixDUv79cqnCsg
                0x0000000010001a10      0x15c CMakeFiles/eeprom_programmer.dir/eeprom_programmer.c.obj
                0x0000000010001a10                writeEEPROM__AFzodz8r7BixDUv79cqnCsg
 .text.readEEPROM__fg3FnZOkcs9cAYqFI1VAy2A
                0x0000000010001b6c      0x1b0 CMakeFiles/eeprom_programmer.dir/eeprom_programmer.c.obj
                0x0000000010001b6c                readEEPROM__fg3FnZOkcs9cAYqFI1VAy2A
 .text.PreMain  0x0000000010001d1c       0x1c CMakeFiles/eeprom_programmer.dir/eeprom_programmer.c.obj
                0x0000000010001d1c                PreMain
 .text.startup.main
                0x0000000010001d38       0x38 CMakeFiles/eeprom_programmer.dir/eeprom_programmer.c.obj
                0x0000000010001d38                main
 .text.NimMainModule
                0x0000000010001d70      0x1d8 CMakeFiles/eeprom_programmer.dir/eeprom_programmer.c.obj
                0x0000000010001d70                NimMainModule
 .text.NimMainInner
                0x0000000010001f48        0x8 CMakeFiles/eeprom_programmer.dir/eeprom_programmer.c.obj
                0x0000000010001f48                NimMainInner
 .text.raiseAssert__gpGJG5CoQzE64skFd9bPG7A
                0x0000000010001f50       0x60 CMakeFiles/eeprom_programmer.dir/stdlib_assertions.nim.c.obj
                0x0000000010001f50                raiseAssert__gpGJG5CoQzE64skFd9bPG7A
 .text.failedAssertImpl__W9cjVocn1tjhW7p7xohJj6A
                0x0000000010001fb0        0xc CMakeFiles/eeprom_programmer.dir/stdlib_assertions.nim.c.obj
                0x0000000010001fb0                failedAssertImpl__W9cjVocn1tjhW7p7xohJj6A
 .text.dollar___M2d4UEGH9cZOvte6rEhvUTQ
                0x0000000010001fbc      0x108 CMakeFiles/eeprom_programmer.dir/stdlib_dollars.nim.c.obj
                0x0000000010001fbc                dollar___M2d4UEGH9cZOvte6rEhvUTQ
 .text.echoBinSafe
                0x00000000100020c4       0x64 CMakeFiles/eeprom_programmer.dir/stdlib_io.nim.c.obj
                0x00000000100020c4                echoBinSafe
 .text.nextPowerOfTwo__v2qC0V55wqa9bmqc7eHTz8A
                0x0000000010002128       0x20 CMakeFiles/eeprom_programmer.dir/stdlib_math.nim.c.obj
                0x0000000010002128                nextPowerOfTwo__v2qC0V55wqa9bmqc7eHTz8A
 .text.roof___M1yk6GvJhRrReRZgYouX8g
                0x0000000010002148      0x338 CMakeFiles/eeprom_programmer.dir/stdlib_math.nim.c.obj
                0x0000000010002148                roof___M1yk6GvJhRrReRZgYouX8g
 .text.deduplicate__Ts9cgRykKmyvsc9brXQifXBw
                0x0000000010002480       0xb0 CMakeFiles/eeprom_programmer.dir/stdlib_sequtils.nim.c.obj
                0x0000000010002480                deduplicate__Ts9cgRykKmyvsc9brXQifXBw
 .text.deduplicate__HKntiik9czuNpOlIyPbbFUQ
                0x0000000010002530       0xac CMakeFiles/eeprom_programmer.dir/stdlib_sequtils.nim.c.obj
                0x0000000010002530                deduplicate__HKntiik9czuNpOlIyPbbFUQ
 .text.alignedDealloc
                0x00000000100025dc       0x18 CMakeFiles/eeprom_programmer.dir/stdlib_system.nim.c.obj
                0x00000000100025dc                alignedDealloc
 .text.eqdestroy___dS1BF3Vxjg9aJMmmhVJKSpQ
                0x00000000100025f4       0x18 CMakeFiles/eeprom_programmer.dir/stdlib_system.nim.c.obj
                0x00000000100025f4                eqdestroy___dS1BF3Vxjg9aJMmmhVJKSpQ
 .text.raiseOverflow
                0x000000001000260c       0x70 CMakeFiles/eeprom_programmer.dir/stdlib_system.nim.c.obj
                0x000000001000260c                raiseOverflow
 .text.nimRawDispose
                0x000000001000267c       0x48 CMakeFiles/eeprom_programmer.dir/stdlib_system.nim.c.obj
                0x000000001000267c                nimRawDispose
 .text.nimDestroyAndDispose
                0x00000000100026c4       0x60 CMakeFiles/eeprom_programmer.dir/stdlib_system.nim.c.obj
                0x00000000100026c4                nimDestroyAndDispose
 .text.eqdestroy___LZ4ekoCGfhYJ49aM9aFAL7AQ
                0x0000000010002724       0x84 CMakeFiles/eeprom_programmer.dir/stdlib_system.nim.c.obj
                0x0000000010002724                eqdestroy___LZ4ekoCGfhYJ49aM9aFAL7AQ
 .text.eqdestroy___BO2qxEc1Yf80x0M89aiw9cAQ
                0x00000000100027a8       0x84 CMakeFiles/eeprom_programmer.dir/stdlib_system.nim.c.obj
                0x00000000100027a8                eqdestroy___BO2qxEc1Yf80x0M89aiw9cAQ
 .text.eqsink___rR9boD7urcxl7uyUtE46AOA_2
                0x000000001000282c       0x38 CMakeFiles/eeprom_programmer.dir/stdlib_system.nim.c.obj
                0x000000001000282c                eqsink___rR9boD7urcxl7uyUtE46AOA_2
 .text.eqdestroy___iXyOdhIrs6C9bvzrDNqxI2g
                0x0000000010002864       0x84 CMakeFiles/eeprom_programmer.dir/stdlib_system.nim.c.obj
                0x0000000010002864                eqdestroy___iXyOdhIrs6C9bvzrDNqxI2g
 .text.eqdestroy___qRVWt3jIAyom1VkyIWI7tA
                0x00000000100028e8       0x84 CMakeFiles/eeprom_programmer.dir/stdlib_system.nim.c.obj
                0x00000000100028e8                eqdestroy___qRVWt3jIAyom1VkyIWI7tA
 .text.eqdestroy___sUPxfcqVijR0WN3SH4QQ6A
                0x000000001000296c       0x84 CMakeFiles/eeprom_programmer.dir/stdlib_system.nim.c.obj
                0x000000001000296c                eqdestroy___sUPxfcqVijR0WN3SH4QQ6A
 .text.eqdestroy___vttz8U9aaHVcOkTLV69bskjQ
                0x00000000100029f0       0x84 CMakeFiles/eeprom_programmer.dir/stdlib_system.nim.c.obj
                0x00000000100029f0                eqdestroy___vttz8U9aaHVcOkTLV69bskjQ
 .text.eqcopy___rR9boD7urcxl7uyUtE46AOA
                0x0000000010002a74       0x50 CMakeFiles/eeprom_programmer.dir/stdlib_system.nim.c.obj
                0x0000000010002a74                eqcopy___rR9boD7urcxl7uyUtE46AOA
 .text.raiseExceptionAux__na8C8pUZ9cLQWVwk35l5vfw.part.0
                0x0000000010002ac4       0x98 CMakeFiles/eeprom_programmer.dir/stdlib_system.nim.c.obj
 .text.add__VHIeeMfqavFfKtbV1Wal0Q
                0x0000000010002b5c      0x558 CMakeFiles/eeprom_programmer.dir/stdlib_system.nim.c.obj
                0x0000000010002b5c                add__VHIeeMfqavFfKtbV1Wal0Q
 .text.raiseExceptionEx
                0x00000000100030b4       0x58 CMakeFiles/eeprom_programmer.dir/stdlib_system.nim.c.obj
                0x00000000100030b4                raiseExceptionEx
 .text.raiseRangeErrorI
                0x000000001000310c      0x2f4 CMakeFiles/eeprom_programmer.dir/stdlib_system.nim.c.obj
                0x000000001000310c                raiseRangeErrorI
 .text.alignedAlloc__YbpLWudJqnECYmKZquJKyw_2.part.0
                0x0000000010003400       0x78 CMakeFiles/eeprom_programmer.dir/stdlib_system.nim.c.obj
 .text.alignedRealloc0__CUuMVCxdCmrsVspc3L8xgw
                0x0000000010003478       0x84 CMakeFiles/eeprom_programmer.dir/stdlib_system.nim.c.obj
                0x0000000010003478                alignedRealloc0__CUuMVCxdCmrsVspc3L8xgw
 .text.rawNewString
                0x00000000100034fc       0x74 CMakeFiles/eeprom_programmer.dir/stdlib_system.nim.c.obj
                0x00000000100034fc                rawNewString
 .text.prepareAdd
                0x0000000010003570      0x29c CMakeFiles/eeprom_programmer.dir/stdlib_system.nim.c.obj
                0x0000000010003570                prepareAdd
 .text.setLengthStrV2
                0x000000001000380c       0x48 CMakeFiles/eeprom_programmer.dir/stdlib_system.nim.c.obj
                0x000000001000380c                setLengthStrV2
 .text.nimPrepareStrMutationImpl__C0YoABEefTaYbWLv9aVOzZA
                0x0000000010003854       0x78 CMakeFiles/eeprom_programmer.dir/stdlib_system.nim.c.obj
                0x0000000010003854                nimPrepareStrMutationImpl__C0YoABEefTaYbWLv9aVOzZA
 .text.alignedAlloc0__YbpLWudJqnECYmKZquJKyw.part.0
                0x00000000100038cc       0x78 CMakeFiles/eeprom_programmer.dir/stdlib_system.nim.c.obj
 .text.nimNewObj
                0x0000000010003944       0xa0 CMakeFiles/eeprom_programmer.dir/stdlib_system.nim.c.obj
                0x0000000010003944                nimNewObj
 .text.newSeqPayload
                0x00000000100039e4      0x16c CMakeFiles/eeprom_programmer.dir/stdlib_system.nim.c.obj
                0x00000000100039e4                newSeqPayload
 .text.alignedAlloc0__YbpLWudJqnECYmKZquJKyw
                0x0000000010003b50       0x84 CMakeFiles/eeprom_programmer.dir/stdlib_system.nim.c.obj
                0x0000000010003b50                alignedAlloc0__YbpLWudJqnECYmKZquJKyw
 .text.prepareSeqAdd
                0x0000000010003bd4      0x53c CMakeFiles/eeprom_programmer.dir/stdlib_system.nim.c.obj
                0x0000000010003bd4                prepareSeqAdd
 .text.addInt__mftMOxbyu0h4yByfs3sqjA
                0x0000000010004110      0x324 CMakeFiles/eeprom_programmer.dir/stdlib_system.nim.c.obj
                0x0000000010004110                addInt__mftMOxbyu0h4yByfs3sqjA
 .text.toNimStr
                0x0000000010004434       0x88 CMakeFiles/eeprom_programmer.dir/stdlib_system.nim.c.obj
                0x0000000010004434                toNimStr
 .text.cstrToNimstr
                0x00000000100044bc       0x44 CMakeFiles/eeprom_programmer.dir/stdlib_system.nim.c.obj
                0x00000000100044bc                cstrToNimstr
 .text.showErrorMessage__zsORN9crdKxsL9cHrQcdHSMw
                0x0000000010004500       0x84 CMakeFiles/eeprom_programmer.dir/stdlib_system.nim.c.obj
                0x0000000010004500                showErrorMessage__zsORN9crdKxsL9cHrQcdHSMw
 .text.signalHandler
                0x0000000010004584       0x50 CMakeFiles/eeprom_programmer.dir/stdlib_system.nim.c.obj
                0x0000000010004584                signalHandler
 .text.raiseIndexError2
                0x00000000100045d4      0x230 CMakeFiles/eeprom_programmer.dir/stdlib_system.nim.c.obj
                0x00000000100045d4                raiseIndexError2
 .text.eqcopy___aBBXmHFBEivKqERloP6zmA
                0x0000000010004804       0xdc CMakeFiles/eeprom_programmer.dir/stdlib_system.nim.c.obj
                0x0000000010004804                eqcopy___aBBXmHFBEivKqERloP6zmA
 .text.nimNewObjUninit
                0x00000000100048e0       0xa4 CMakeFiles/eeprom_programmer.dir/stdlib_system.nim.c.obj
                0x00000000100048e0                nimNewObjUninit
 .text.add__GzUH6O0SjRuWHzfOn1f8Tw
                0x0000000010004984      0x2e0 CMakeFiles/eeprom_programmer.dir/stdlib_system.nim.c.obj
                0x0000000010004984                add__GzUH6O0SjRuWHzfOn1f8Tw
 .text.max__uzMVnGTMOUt5oPTqbZlJ8w
                0x0000000010004c64       0x30 CMakeFiles/eeprom_programmer.dir/stdlib_system.nim.c.obj
                0x0000000010004c64                max__uzMVnGTMOUt5oPTqbZlJ8w
 .text.eqeq___DSAPP3F10saUnzfSrl2Q2A
                0x0000000010004c94       0x68 CMakeFiles/eeprom_programmer.dir/stdlib_system.nim.c.obj
                0x0000000010004c94                eqeq___DSAPP3F10saUnzfSrl2Q2A
 .text.add__lY5DLRz4X2A2isf2LBd6tQ
                0x0000000010004cfc      0x530 CMakeFiles/eeprom_programmer.dir/stdlib_system.nim.c.obj
                0x0000000010004cfc                add__lY5DLRz4X2A2isf2LBd6tQ
 .text.eqeq___xG9c4bgU9bPyp4lp8VsxF5Sw
                0x000000001000522c       0x6c CMakeFiles/eeprom_programmer.dir/stdlib_system.nim.c.obj
                0x000000001000522c                eqeq___xG9c4bgU9bPyp4lp8VsxF5Sw
 .text.eqdestroy___GdYovzyz9cvmRV9aK4h9a2piA
                0x0000000010005298       0x18 CMakeFiles/eeprom_programmer.dir/stdlib_system.nim.c.obj
                0x0000000010005298                eqdestroy___GdYovzyz9cvmRV9aK4h9a2piA
 .text.eqdestroy___IlJSuVMKrFhfOcKQWcYQXQ
                0x00000000100052b0       0x18 CMakeFiles/eeprom_programmer.dir/stdlib_system.nim.c.obj
                0x00000000100052b0                eqdestroy___IlJSuVMKrFhfOcKQWcYQXQ
 .text.setLen__y5G129bGEFh1qNKyeVIxRtg
                0x00000000100052c8       0x44 CMakeFiles/eeprom_programmer.dir/stdlib_system.nim.c.obj
                0x00000000100052c8                setLen__y5G129bGEFh1qNKyeVIxRtg
 .text.eqsink___aBBXmHFBEivKqERloP6zmA_2
                0x000000001000530c       0x2c CMakeFiles/eeprom_programmer.dir/stdlib_system.nim.c.obj
                0x000000001000530c                eqsink___aBBXmHFBEivKqERloP6zmA_2
 .text.mnewString
                0x0000000010005338       0x74 CMakeFiles/eeprom_programmer.dir/stdlib_system.nim.c.obj
                0x0000000010005338                mnewString
 .text.nimTestErrorFlag
                0x00000000100053ac       0x38 CMakeFiles/eeprom_programmer.dir/stdlib_system.nim.c.obj
                0x00000000100053ac                nimTestErrorFlag
 .text.systemInit000
                0x00000000100053e4       0x34 CMakeFiles/eeprom_programmer.dir/stdlib_system.nim.c.obj
                0x00000000100053e4                systemInit000
 .text.systemDatInit000
                0x0000000010005418       0xc0 CMakeFiles/eeprom_programmer.dir/stdlib_system.nim.c.obj
                0x0000000010005418                systemDatInit000
 .text.initTable__RhcVITKUmXOoY2SDMzP8Bw
                0x00000000100054d8      0x154 CMakeFiles/eeprom_programmer.dir/stdlib_tables.nim.c.obj
                0x00000000100054d8                initTable__RhcVITKUmXOoY2SDMzP8Bw
 .text.eqdestroy___O8Va9cr5zuMR80E1G5hQtag
                0x000000001000562c       0x18 CMakeFiles/eeprom_programmer.dir/stdlib_tables.nim.c.obj
                0x000000001000562c                eqdestroy___O8Va9cr5zuMR80E1G5hQtag
 .text.enlarge__VrFCrpvPVOUUlueujCvaJQ
                0x0000000010005644      0x1a4 CMakeFiles/eeprom_programmer.dir/stdlib_tables.nim.c.obj
                0x0000000010005644                enlarge__VrFCrpvPVOUUlueujCvaJQ
 .text.X5BX5Deq___1QwebcIfDGRrW3t9bdowWXw
                0x00000000100057e8      0x588 CMakeFiles/eeprom_programmer.dir/stdlib_tables.nim.c.obj
                0x00000000100057e8                X5BX5Deq___1QwebcIfDGRrW3t9bdowWXw
 .text.toTable__tw3SS9cdRQLkHcWNF8ibn2A
                0x0000000010005d70       0x70 CMakeFiles/eeprom_programmer.dir/stdlib_tables.nim.c.obj
                0x0000000010005d70                toTable__tw3SS9cdRQLkHcWNF8ibn2A
 .text.initTable__XsZ73Q3Zb8V8xRoIjyQTIg
                0x0000000010005de0      0x154 CMakeFiles/eeprom_programmer.dir/stdlib_tables.nim.c.obj
                0x0000000010005de0                initTable__XsZ73Q3Zb8V8xRoIjyQTIg
 .text.eqdestroy___9bWzf0v8OmYlwSMXdUYENEg
                0x0000000010005f34       0x18 CMakeFiles/eeprom_programmer.dir/stdlib_tables.nim.c.obj
                0x0000000010005f34                eqdestroy___9bWzf0v8OmYlwSMXdUYENEg
 .text.enlarge__WOeTGOAKT7X5lAUM5POpaw
                0x0000000010005f4c      0x1a4 CMakeFiles/eeprom_programmer.dir/stdlib_tables.nim.c.obj
                0x0000000010005f4c                enlarge__WOeTGOAKT7X5lAUM5POpaw
 .text.X5BX5Deq___kQhVO9cJlowpXAxnPDtUfqQ
                0x00000000100060f0      0x588 CMakeFiles/eeprom_programmer.dir/stdlib_tables.nim.c.obj
                0x00000000100060f0                X5BX5Deq___kQhVO9cJlowpXAxnPDtUfqQ
 .text.toTable__uJbp00KSwsgQ9at44qzyaCA
                0x0000000010006678       0x70 CMakeFiles/eeprom_programmer.dir/stdlib_tables.nim.c.obj
                0x0000000010006678                toTable__uJbp00KSwsgQ9at44qzyaCA
 .text.contains__hI3U2smIPAy9aJLZUctJ7sQ
                0x00000000100066e8      0x244 CMakeFiles/eeprom_programmer.dir/stdlib_tables.nim.c.obj
                0x00000000100066e8                contains__hI3U2smIPAy9aJLZUctJ7sQ
 .text.contains__JHpRzcF21xoNQYgBrsWWkg
                0x000000001000692c      0x244 CMakeFiles/eeprom_programmer.dir/stdlib_tables.nim.c.obj
                0x000000001000692c                contains__JHpRzcF21xoNQYgBrsWWkg
 .text.len__PAYg5d1hn6UVJNVIuJVZlA
                0x0000000010006b70        0x8 CMakeFiles/eeprom_programmer.dir/stdlib_tables.nim.c.obj
                0x0000000010006b70                len__PAYg5d1hn6UVJNVIuJVZlA
 .text.hasKeyOrPut__F8ewLFe7IWn5AKwlJOfbKw
                0x0000000010006b78      0x554 CMakeFiles/eeprom_programmer.dir/stdlib_tables.nim.c.obj
                0x0000000010006b78                hasKeyOrPut__F8ewLFe7IWn5AKwlJOfbKw
 .text.X5BX5D___izypgEXDrOPhvdwKMbE2zw
                0x00000000100070cc      0x368 CMakeFiles/eeprom_programmer.dir/stdlib_tables.nim.c.obj
                0x00000000100070cc                X5BX5D___izypgEXDrOPhvdwKMbE2zw
 .text.eqcopy___71gLqJJRAXmB7dO800Kngg
                0x0000000010007434       0x40 CMakeFiles/eeprom_programmer.dir/stdlib_tables.nim.c.obj
                0x0000000010007434                eqcopy___71gLqJJRAXmB7dO800Kngg
 .text.len__CFEeD1cbzlG3EqLWcLD4eg
                0x0000000010007474        0x8 CMakeFiles/eeprom_programmer.dir/stdlib_tables.nim.c.obj
                0x0000000010007474                len__CFEeD1cbzlG3EqLWcLD4eg
 .text.getOrDefault__rJcaoBQ5Dqs3bvDKIAnm9aA
                0x000000001000747c      0x26c CMakeFiles/eeprom_programmer.dir/stdlib_tables.nim.c.obj
                0x000000001000747c                getOrDefault__rJcaoBQ5Dqs3bvDKIAnm9aA
 .text.X5BX5D___E3nu0mxbUgUihx3VzztAZQ
                0x00000000100076e8      0x368 CMakeFiles/eeprom_programmer.dir/stdlib_tables.nim.c.obj
                0x00000000100076e8                X5BX5D___E3nu0mxbUgUihx3VzztAZQ
 .text.eqdestroy___XCKmUiS3Ov3AJGom9cXECmg
                0x0000000010007a50       0x18 CMakeFiles/eeprom_programmer.dir/stdlib_tables.nim.c.obj
                0x0000000010007a50                eqdestroy___XCKmUiS3Ov3AJGom9cXECmg
 .text.eqdestroy___1eV9bfPFgzYvCGm9bXLSWubw
                0x0000000010007a68       0x18 CMakeFiles/eeprom_programmer.dir/stdlib_tables.nim.c.obj
                0x0000000010007a68                eqdestroy___1eV9bfPFgzYvCGm9bXLSWubw
 .text.gpio_init
                0x0000000010007a80       0x3c CMakeFiles/eeprom_programmer.dir/home/casey/pico-sdk/src/rp2_common/hardware_gpio/gpio.c.obj
                0x0000000010007a80                gpio_init
 .text.hw_claim_or_assert
                0x0000000010007abc       0x48 CMakeFiles/eeprom_programmer.dir/home/casey/pico-sdk/src/rp2_common/hardware_claim/claim.c.obj
                0x0000000010007abc                hw_claim_or_assert
 .text.hw_claim_unused_from_range
                0x0000000010007b04       0x9c CMakeFiles/eeprom_programmer.dir/home/casey/pico-sdk/src/rp2_common/hardware_claim/claim.c.obj
                0x0000000010007b04                hw_claim_unused_from_range
 .text.running_on_fpga
                0x0000000010007ba0       0x10 CMakeFiles/eeprom_programmer.dir/home/casey/pico-sdk/src/rp2_common/pico_platform/platform.c.obj
                0x0000000010007ba0                running_on_fpga
 .text.spin_locks_reset
                0x0000000010007bb0       0x1c CMakeFiles/eeprom_programmer.dir/home/casey/pico-sdk/src/rp2_common/hardware_sync/sync.c.obj
                0x0000000010007bb0                spin_locks_reset
 .text.next_striped_spin_lock_num
                0x0000000010007bcc       0x18 CMakeFiles/eeprom_programmer.dir/home/casey/pico-sdk/src/rp2_common/hardware_sync/sync.c.obj
                0x0000000010007bcc                next_striped_spin_lock_num
 .text.spin_lock_claim_unused
                0x0000000010007be4       0x20 CMakeFiles/eeprom_programmer.dir/home/casey/pico-sdk/src/rp2_common/hardware_sync/sync.c.obj
                0x0000000010007be4                spin_lock_claim_unused
 .text.timer_pool_entry_comparator
                0x0000000010007c04       0x34 CMakeFiles/eeprom_programmer.dir/home/casey/pico-sdk/src/common/pico_time/time.c.obj
                0x0000000010007c04                timer_pool_entry_comparator
 .text.sleep_until_callback
                0x0000000010007c38       0x30 CMakeFiles/eeprom_programmer.dir/home/casey/pico-sdk/src/common/pico_time/time.c.obj
 .text.alarm_pool_add_alarm_at.constprop.0
                0x0000000010007c68      0x128 CMakeFiles/eeprom_programmer.dir/home/casey/pico-sdk/src/common/pico_time/time.c.obj
 .text.add_alarm_under_lock
                0x0000000010007d90      0x108 CMakeFiles/eeprom_programmer.dir/home/casey/pico-sdk/src/common/pico_time/time.c.obj
 .text.alarm_pool_alarm_callback
                0x0000000010007e98      0x1c8 CMakeFiles/eeprom_programmer.dir/home/casey/pico-sdk/src/common/pico_time/time.c.obj
 .text.alarm_pool_init_default
                0x0000000010008060       0x64 CMakeFiles/eeprom_programmer.dir/home/casey/pico-sdk/src/common/pico_time/time.c.obj
                0x0000000010008060                alarm_pool_init_default
 .text.alarm_pool_get_default
                0x00000000100080c4        0x8 CMakeFiles/eeprom_programmer.dir/home/casey/pico-sdk/src/common/pico_time/time.c.obj
                0x00000000100080c4                alarm_pool_get_default
 .text.alarm_pool_add_alarm_at
                0x00000000100080cc      0x1ac CMakeFiles/eeprom_programmer.dir/home/casey/pico-sdk/src/common/pico_time/time.c.obj
                0x00000000100080cc                alarm_pool_add_alarm_at
 .text.sleep_until
                0x0000000010008278       0xac CMakeFiles/eeprom_programmer.dir/home/casey/pico-sdk/src/common/pico_time/time.c.obj
                0x0000000010008278                sleep_until
 .text.sleep_ms
                0x0000000010008324       0x38 CMakeFiles/eeprom_programmer.dir/home/casey/pico-sdk/src/common/pico_time/time.c.obj
                0x0000000010008324                sleep_ms
 .text.best_effort_wfe_or_timeout
                0x000000001000835c       0xd4 CMakeFiles/eeprom_programmer.dir/home/casey/pico-sdk/src/common/pico_time/time.c.obj
                0x000000001000835c                best_effort_wfe_or_timeout
 .text.hardware_alarm_irq_handler
                0x0000000010008430       0xb8 CMakeFiles/eeprom_programmer.dir/home/casey/pico-sdk/src/rp2_common/hardware_timer/timer.c.obj
 .text.hardware_alarm_claim
                0x00000000100084e8       0x18 CMakeFiles/eeprom_programmer.dir/home/casey/pico-sdk/src/rp2_common/hardware_timer/timer.c.obj
                0x00000000100084e8                hardware_alarm_claim
 .text.time_us_64
                0x0000000010008500       0x14 CMakeFiles/eeprom_programmer.dir/home/casey/pico-sdk/src/rp2_common/hardware_timer/timer.c.obj
                0x0000000010008500                time_us_64
 .text.busy_wait_us
                0x0000000010008514       0x54 CMakeFiles/eeprom_programmer.dir/home/casey/pico-sdk/src/rp2_common/hardware_timer/timer.c.obj
                0x0000000010008514                busy_wait_us
 .text.busy_wait_until
                0x0000000010008568       0x20 CMakeFiles/eeprom_programmer.dir/home/casey/pico-sdk/src/rp2_common/hardware_timer/timer.c.obj
                0x0000000010008568                busy_wait_until
 .text.hardware_alarm_set_callback
                0x0000000010008588       0x8c CMakeFiles/eeprom_programmer.dir/home/casey/pico-sdk/src/rp2_common/hardware_timer/timer.c.obj
                0x0000000010008588                hardware_alarm_set_callback
 .text.hardware_alarm_set_target
                0x0000000010008614       0xe4 CMakeFiles/eeprom_programmer.dir/home/casey/pico-sdk/src/rp2_common/hardware_timer/timer.c.obj
                0x0000000010008614                hardware_alarm_set_target
 .text.hardware_alarm_cancel
                0x00000000100086f8       0x40 CMakeFiles/eeprom_programmer.dir/home/casey/pico-sdk/src/rp2_common/hardware_timer/timer.c.obj
                0x00000000100086f8                hardware_alarm_cancel
 .text.lock_init
                0x0000000010008738       0x10 CMakeFiles/eeprom_programmer.dir/home/casey/pico-sdk/src/common/pico_sync/lock_core.c.obj
                0x0000000010008738                lock_init
 .text.mutex_init
                0x0000000010008748       0x1c CMakeFiles/eeprom_programmer.dir/home/casey/pico-sdk/src/common/pico_sync/mutex.c.obj
                0x0000000010008748                mutex_init
 .text.recursive_mutex_init
                0x0000000010008764       0x1c CMakeFiles/eeprom_programmer.dir/home/casey/pico-sdk/src/common/pico_sync/mutex.c.obj
                0x0000000010008764                recursive_mutex_init
 .text.critical_section_init
                0x0000000010008780       0x1c CMakeFiles/eeprom_programmer.dir/home/casey/pico-sdk/src/common/pico_sync/critical_section.c.obj
                0x0000000010008780                critical_section_init
 .text.ph_merge_nodes
                0x000000001000879c       0x68 CMakeFiles/eeprom_programmer.dir/home/casey/pico-sdk/src/common/pico_util/pheap.c.obj
 .text.ph_post_alloc_init
                0x0000000010008804       0x3c CMakeFiles/eeprom_programmer.dir/home/casey/pico-sdk/src/common/pico_util/pheap.c.obj
                0x0000000010008804                ph_post_alloc_init
 .text.ph_merge_two_pass
                0x0000000010008840       0x90 CMakeFiles/eeprom_programmer.dir/home/casey/pico-sdk/src/common/pico_util/pheap.c.obj
                0x0000000010008840                ph_merge_two_pass
 .text.ph_remove_any_head
                0x00000000100088d0       0xf8 CMakeFiles/eeprom_programmer.dir/home/casey/pico-sdk/src/common/pico_util/pheap.c.obj
 .text.ph_remove_head
                0x00000000100089c8      0x13c CMakeFiles/eeprom_programmer.dir/home/casey/pico-sdk/src/common/pico_util/pheap.c.obj
                0x00000000100089c8                ph_remove_head
 .text.ph_remove_and_free_node
                0x0000000010008b04       0x7c CMakeFiles/eeprom_programmer.dir/home/casey/pico-sdk/src/common/pico_util/pheap.c.obj
                0x0000000010008b04                ph_remove_and_free_node
 .text.runtime_init
                0x0000000010008b80       0xfc CMakeFiles/eeprom_programmer.dir/home/casey/pico-sdk/src/rp2_common/pico_runtime/runtime.c.obj
                0x0000000010008b80                runtime_init
 .text._sbrk    0x0000000010008c7c       0x34 CMakeFiles/eeprom_programmer.dir/home/casey/pico-sdk/src/rp2_common/pico_runtime/runtime.c.obj
                0x0000000010008c7c                _sbrk
 .text.exit     0x0000000010008cb0        0x4 CMakeFiles/eeprom_programmer.dir/home/casey/pico-sdk/src/rp2_common/pico_runtime/runtime.c.obj
                0x0000000010008cb0                exit
 .text.panic    0x0000000010008cb4       0x30 CMakeFiles/eeprom_programmer.dir/home/casey/pico-sdk/src/rp2_common/pico_runtime/runtime.c.obj
                0x0000000010008cb4                panic
 .text.hard_assertion_failure
                0x0000000010008ce4        0xc CMakeFiles/eeprom_programmer.dir/home/casey/pico-sdk/src/rp2_common/pico_runtime/runtime.c.obj
                0x0000000010008ce4                hard_assertion_failure
 .text.clocks_init
                0x0000000010008cf0      0x2bc CMakeFiles/eeprom_programmer.dir/home/casey/pico-sdk/src/rp2_common/hardware_clocks/clocks.c.obj
                0x0000000010008cf0                clocks_init
 .text.irq_set_enabled
                0x0000000010008fac       0x24 CMakeFiles/eeprom_programmer.dir/home/casey/pico-sdk/src/rp2_common/hardware_irq/irq.c.obj
                0x0000000010008fac                irq_set_enabled
 .text.irq_set_pending
                0x0000000010008fd0       0x10 CMakeFiles/eeprom_programmer.dir/home/casey/pico-sdk/src/rp2_common/hardware_irq/irq.c.obj
                0x0000000010008fd0                irq_set_pending
 .text.irq_get_vtable_handler
                0x0000000010008fe0       0x10 CMakeFiles/eeprom_programmer.dir/home/casey/pico-sdk/src/rp2_common/hardware_irq/irq.c.obj
                0x0000000010008fe0                irq_get_vtable_handler
 .text.irq_set_exclusive_handler
                0x0000000010008ff0       0x54 CMakeFiles/eeprom_programmer.dir/home/casey/pico-sdk/src/rp2_common/hardware_irq/irq.c.obj
                0x0000000010008ff0                irq_set_exclusive_handler
 .text.irq_remove_handler
                0x0000000010009044      0x1b8 CMakeFiles/eeprom_programmer.dir/home/casey/pico-sdk/src/rp2_common/hardware_irq/irq.c.obj
                0x0000000010009044                irq_remove_handler
 .text.irq_add_tail_to_free_list
                0x00000000100091fc       0xb8 CMakeFiles/eeprom_programmer.dir/home/casey/pico-sdk/src/rp2_common/hardware_irq/irq.c.obj
                0x00000000100091fc                irq_add_tail_to_free_list
 .text.irq_init_priorities
                0x00000000100092b4       0x38 CMakeFiles/eeprom_programmer.dir/home/casey/pico-sdk/src/rp2_common/hardware_irq/irq.c.obj
                0x00000000100092b4                irq_init_priorities
 .text.pll_init
                0x00000000100092ec       0xa4 CMakeFiles/eeprom_programmer.dir/home/casey/pico-sdk/src/rp2_common/hardware_pll/pll.c.obj
                0x00000000100092ec                pll_init
 .text.watchdog_start_tick
                0x0000000010009390       0x10 CMakeFiles/eeprom_programmer.dir/home/casey/pico-sdk/src/rp2_common/hardware_watchdog/watchdog.c.obj
                0x0000000010009390                watchdog_start_tick
 .text.watchdog_reboot
                0x00000000100093a0       0x98 CMakeFiles/eeprom_programmer.dir/home/casey/pico-sdk/src/rp2_common/hardware_watchdog/watchdog.c.obj
                0x00000000100093a0                watchdog_reboot
 .text.xosc_init
                0x0000000010009438       0x28 CMakeFiles/eeprom_programmer.dir/home/casey/pico-sdk/src/rp2_common/hardware_xosc/xosc.c.obj
                0x0000000010009438                xosc_init
 .text._out_null
                0x0000000010009460        0x4 CMakeFiles/eeprom_programmer.dir/home/casey/pico-sdk/src/rp2_common/pico_printf/printf.c.obj
 .text._out_rev
                0x0000000010009464       0xd0 CMakeFiles/eeprom_programmer.dir/home/casey/pico-sdk/src/rp2_common/pico_printf/printf.c.obj
 .text._ntoa_format
                0x0000000010009534      0x1d0 CMakeFiles/eeprom_programmer.dir/home/casey/pico-sdk/src/rp2_common/pico_printf/printf.c.obj
 .text._out_char
                0x0000000010009704       0x10 CMakeFiles/eeprom_programmer.dir/home/casey/pico-sdk/src/rp2_common/pico_printf/printf.c.obj
 .text._out_fct
                0x0000000010009714       0x10 CMakeFiles/eeprom_programmer.dir/home/casey/pico-sdk/src/rp2_common/pico_printf/printf.c.obj
 .text._etoa    0x0000000010009724      0x478 CMakeFiles/eeprom_programmer.dir/home/casey/pico-sdk/src/rp2_common/pico_printf/printf.c.obj
 .text._ftoa    0x0000000010009b9c      0x3e0 CMakeFiles/eeprom_programmer.dir/home/casey/pico-sdk/src/rp2_common/pico_printf/printf.c.obj
 .text._vsnprintf
                0x0000000010009f7c      0xb08 CMakeFiles/eeprom_programmer.dir/home/casey/pico-sdk/src/rp2_common/pico_printf/printf.c.obj
 .text.vfctprintf
                0x000000001000aa84       0x20 CMakeFiles/eeprom_programmer.dir/home/casey/pico-sdk/src/rp2_common/pico_printf/printf.c.obj
                0x000000001000aa84                vfctprintf
 .text.weak_raw_vprintf
                0x000000001000aaa4       0x30 CMakeFiles/eeprom_programmer.dir/home/casey/pico-sdk/src/rp2_common/pico_printf/printf.c.obj
                0x000000001000aaa4                weak_raw_vprintf
 .text          0x000000001000aad4       0x10 CMakeFiles/eeprom_programmer.dir/home/casey/pico-sdk/src/rp2_common/pico_bit_ops/bit_ops_aeabi.S.obj
 .text.rom_func_lookup
                0x000000001000aae4       0x10 CMakeFiles/eeprom_programmer.dir/home/casey/pico-sdk/src/rp2_common/pico_bootrom/bootrom.c.obj
                0x000000001000aae4                rom_func_lookup
 .text.rom_data_lookup
                0x000000001000aaf4       0x10 CMakeFiles/eeprom_programmer.dir/home/casey/pico-sdk/src/rp2_common/pico_bootrom/bootrom.c.obj
                0x000000001000aaf4                rom_data_lookup
 .text.rom_funcs_lookup
                0x000000001000ab04       0x3c CMakeFiles/eeprom_programmer.dir/home/casey/pico-sdk/src/rp2_common/pico_bootrom/bootrom.c.obj
                0x000000001000ab04                rom_funcs_lookup
 .text.__wrap___aeabi_idiv
                0x000000001000ab40       0x50 CMakeFiles/eeprom_programmer.dir/home/casey/pico-sdk/src/rp2_common/pico_divider/divider.S.obj
                0x000000001000ab40                __wrap___aeabi_idivmod
                0x000000001000ab40                divmod_s32s32
                0x000000001000ab40                div_s32s32
                0x000000001000ab40                __wrap___aeabi_idiv
                0x000000001000ab48                divmod_s32s32_unsafe
                0x000000001000ab74                divmod_s32s32_savestate
 .text.__wrap___aeabi_uidiv
                0x000000001000ab90       0x4c CMakeFiles/eeprom_programmer.dir/home/casey/pico-sdk/src/rp2_common/pico_divider/divider.S.obj
                0x000000001000ab90                __wrap___aeabi_uidiv
                0x000000001000ab90                __wrap___aeabi_uidivmod
                0x000000001000ab90                div_u32u32
                0x000000001000ab90                divmod_u32u32
                0x000000001000ab98                divmod_u32u32_unsafe
                0x000000001000abc0                divmod_u32u32_savestate
 .text.__wrap___aeabi_ldiv
                0x000000001000abdc      0x430 CMakeFiles/eeprom_programmer.dir/home/casey/pico-sdk/src/rp2_common/pico_divider/divider.S.obj
                0x000000001000abdc                div_s64s64
                0x000000001000abdc                divmod_s64s64
                0x000000001000abdc                __wrap___aeabi_ldivmod
                0x000000001000ac14                div_u64u64
                0x000000001000ac14                divmod_u64u64
                0x000000001000ac14                __wrap___aeabi_uldivmod
                0x000000001000ac24                divmod_u64u64_savestate
                0x000000001000ac4c                divmod_s64s64_unsafe
                0x000000001000acd4                divmod_u64u64_unsafe
 .text.__wrap___aeabi_darithmetic
                0x000000001000b00c       0x80 CMakeFiles/eeprom_programmer.dir/home/casey/pico-sdk/src/rp2_common/pico_double/double_aeabi.S.obj
                0x000000001000b00c                __wrap___aeabi_drsub
                0x000000001000b012                __wrap___aeabi_dsub
                0x000000001000b024                __wrap___aeabi_dadd
                0x000000001000b036                __wrap___aeabi_ddiv
                0x000000001000b072                __wrap___aeabi_dmul
 .text.__wrap___aeabi_cdcmple
                0x000000001000b08c       0x6c CMakeFiles/eeprom_programmer.dir/home/casey/pico-sdk/src/rp2_common/pico_double/double_aeabi.S.obj
                0x000000001000b08c                __wrap___aeabi_cdrcmple
                0x000000001000b09c                __wrap___aeabi_cdcmple
                0x000000001000b09c                __wrap___aeabi_cdcmpeq
 .text.__wrap___aeabi_dcmpeq
                0x000000001000b0f8       0x10 CMakeFiles/eeprom_programmer.dir/home/casey/pico-sdk/src/rp2_common/pico_double/double_aeabi.S.obj
                0x000000001000b0f8                __wrap___aeabi_dcmpeq
 .text.__wrap___aeabi_dcmplt
                0x000000001000b108        0xc CMakeFiles/eeprom_programmer.dir/home/casey/pico-sdk/src/rp2_common/pico_double/double_aeabi.S.obj
                0x000000001000b108                __wrap___aeabi_dcmplt
 .text.__wrap___aeabi_dcmple
                0x000000001000b114       0x10 CMakeFiles/eeprom_programmer.dir/home/casey/pico-sdk/src/rp2_common/pico_double/double_aeabi.S.obj
                0x000000001000b114                __wrap___aeabi_dcmple
 .text.__wrap___aeabi_dcmpge
                0x000000001000b124       0x10 CMakeFiles/eeprom_programmer.dir/home/casey/pico-sdk/src/rp2_common/pico_double/double_aeabi.S.obj
                0x000000001000b124                __wrap___aeabi_dcmpge
 .text.__wrap___aeabi_dcmpgt
                0x000000001000b134        0xa CMakeFiles/eeprom_programmer.dir/home/casey/pico-sdk/src/rp2_common/pico_double/double_aeabi.S.obj
                0x000000001000b134                __wrap___aeabi_dcmpgt
 .text.__wrap___aeabi_dcmpun
                0x000000001000b13e       0x1c CMakeFiles/eeprom_programmer.dir/home/casey/pico-sdk/src/rp2_common/pico_double/double_aeabi.S.obj
                0x000000001000b13e                __wrap___aeabi_dcmpun
 *fill*         0x000000001000b15a        0x2 
 .text.__wrap___aeabi_i2d
                0x000000001000b15c       0x38 CMakeFiles/eeprom_programmer.dir/home/casey/pico-sdk/src/rp2_common/pico_double/double_aeabi.S.obj
                0x000000001000b15c                __wrap___aeabi_ui2d
                0x000000001000b164                __wrap___aeabi_i2d
 .text.__wrap___aeabi_d2iz
                0x000000001000b194       0x48 CMakeFiles/eeprom_programmer.dir/home/casey/pico-sdk/src/rp2_common/pico_double/double_aeabi.S.obj
                0x000000001000b194                __wrap___aeabi_d2iz
                0x000000001000b194                double2int_z
 .text.__wrap___aeabi_d2uiz
                0x000000001000b1dc       0x18 CMakeFiles/eeprom_programmer.dir/home/casey/pico-sdk/src/rp2_common/pico_double/double_aeabi.S.obj
                0x000000001000b1dc                double2uint
                0x000000001000b1dc                __wrap___aeabi_d2uiz
 .text.__aeabi_double_init
                0x000000001000b1f4       0xac CMakeFiles/eeprom_programmer.dir/home/casey/pico-sdk/src/rp2_common/pico_double/double_init_rom.c.obj
                0x000000001000b1f4                __aeabi_double_init
 .text.double_table_shim_on_use_helper
                0x000000001000b2a0       0x2c CMakeFiles/eeprom_programmer.dir/home/casey/pico-sdk/src/rp2_common/pico_double/double_v1_rom_shim.S.obj
                0x000000001000b2a0                double_table_shim_on_use_helper
 .text.__wrap___aeabi_dsub
                0x000000001000b2cc       0x10 CMakeFiles/eeprom_programmer.dir/home/casey/pico-sdk/src/rp2_common/pico_double/double_v1_rom_shim.S.obj
                0x000000001000b2cc                drsub_shim
                0x000000001000b2d2                dsub_shim
 .text.dadd_shim
                0x000000001000b2dc      0x15c CMakeFiles/eeprom_programmer.dir/home/casey/pico-sdk/src/rp2_common/pico_double/double_v1_rom_shim.S.obj
                0x000000001000b2dc                dadd_shim
 .text.dmul_shim
                0x000000001000b438      0x15c CMakeFiles/eeprom_programmer.dir/home/casey/pico-sdk/src/rp2_common/pico_double/double_v1_rom_shim.S.obj
                0x000000001000b438                dmul_shim
 .text.ddiv_shim
                0x000000001000b594      0x1b0 CMakeFiles/eeprom_programmer.dir/home/casey/pico-sdk/src/rp2_common/pico_double/double_v1_rom_shim.S.obj
                0x000000001000b594                ddiv_shim
 .text.dcordic_rot_step
                0x000000001000b744       0x7c CMakeFiles/eeprom_programmer.dir/home/casey/pico-sdk/src/rp2_common/pico_double/double_v1_rom_shim.S.obj
                0x000000001000b744                dcordic_rot_step
 .text.double2uint_shim
                0x000000001000b7c0        0xe CMakeFiles/eeprom_programmer.dir/home/casey/pico-sdk/src/rp2_common/pico_double/double_v1_rom_shim.S.obj
                0x000000001000b7c0                double2uint_shim
                0x000000001000b7c2                double2ufix_shim
 *fill*         0x000000001000b7ce        0x2 
 .text.double2uint64_shim
                0x000000001000b7d0       0x6c CMakeFiles/eeprom_programmer.dir/home/casey/pico-sdk/src/rp2_common/pico_double/double_v1_rom_shim.S.obj
                0x000000001000b7d0                double2uint64_shim
                0x000000001000b7d2                double2ufix64_shim
                0x000000001000b7ec                d2fix_a
 .text.dunpacks
                0x000000001000b83c       0x3c CMakeFiles/eeprom_programmer.dir/home/casey/pico-sdk/src/rp2_common/pico_double/double_v1_rom_shim.S.obj
                0x000000001000b83c                dunpacks
 .text.__aeabi_lmul
                0x000000001000b878       0x32 CMakeFiles/eeprom_programmer.dir/home/casey/pico-sdk/src/rp2_common/pico_int64_ops/pico_int64_ops_aeabi.S.obj
                0x000000001000b878                __wrap___aeabi_lmul
 *fill*         0x000000001000b8aa        0x2 
 .text.__aeabi_float_init
                0x000000001000b8ac       0x64 CMakeFiles/eeprom_programmer.dir/home/casey/pico-sdk/src/rp2_common/pico_float/float_init_rom.c.obj
                0x000000001000b8ac                __aeabi_float_init
 .text.float_table_shim_on_use_helper
                0x000000001000b910       0x2c CMakeFiles/eeprom_programmer.dir/home/casey/pico-sdk/src/rp2_common/pico_float/float_v1_rom_shim.S.obj
                0x000000001000b910                float_table_shim_on_use_helper
 .text.__wrap_malloc
                0x000000001000b93c       0x24 CMakeFiles/eeprom_programmer.dir/home/casey/pico-sdk/src/rp2_common/pico_malloc/pico_malloc.c.obj
                0x000000001000b93c                __wrap_malloc
 .text.__wrap_calloc
                0x000000001000b960       0x24 CMakeFiles/eeprom_programmer.dir/home/casey/pico-sdk/src/rp2_common/pico_malloc/pico_malloc.c.obj
                0x000000001000b960                __wrap_calloc
 .text.__wrap_free
                0x000000001000b984        0x8 CMakeFiles/eeprom_programmer.dir/home/casey/pico-sdk/src/rp2_common/pico_malloc/pico_malloc.c.obj
                0x000000001000b984                __wrap_free
 .text          0x000000001000b98c       0x10 CMakeFiles/eeprom_programmer.dir/home/casey/pico-sdk/src/rp2_common/pico_mem_ops/mem_ops_aeabi.S.obj
                0x000000001000b98c                __aeabi_mem_init
 .text.memset   0x000000001000b99c        0xc CMakeFiles/eeprom_programmer.dir/home/casey/pico-sdk/src/rp2_common/pico_mem_ops/mem_ops_aeabi.S.obj
                0x000000001000b99c                __wrap_memset
 .text.memcpy   0x000000001000b9a8        0xc CMakeFiles/eeprom_programmer.dir/home/casey/pico-sdk/src/rp2_common/pico_mem_ops/mem_ops_aeabi.S.obj
                0x000000001000b9a8                __wrap___aeabi_memcpy
                0x000000001000b9a8                __wrap_memcpy
 .text.stdio_out_chars_crlf.part.0
                0x000000001000b9b4       0x84 CMakeFiles/eeprom_programmer.dir/home/casey/pico-sdk/src/rp2_common/pico_stdio/stdio.c.obj
 .text.stdio_buffered_printer
                0x000000001000ba38       0x78 CMakeFiles/eeprom_programmer.dir/home/casey/pico-sdk/src/rp2_common/pico_stdio/stdio.c.obj
 .text.stdio_put_string
                0x000000001000bab0      0x100 CMakeFiles/eeprom_programmer.dir/home/casey/pico-sdk/src/rp2_common/pico_stdio/stdio.c.obj
 .text.__wrap_putchar
                0x000000001000bbb0       0x1c CMakeFiles/eeprom_programmer.dir/home/casey/pico-sdk/src/rp2_common/pico_stdio/stdio.c.obj
                0x000000001000bbb0                __wrap_putchar
 .text.__wrap_puts
                0x000000001000bbcc       0x3c CMakeFiles/eeprom_programmer.dir/home/casey/pico-sdk/src/rp2_common/pico_stdio/stdio.c.obj
                0x000000001000bbcc                __wrap_puts
 .text._read    0x000000001000bc08       0x98 CMakeFiles/eeprom_programmer.dir/home/casey/pico-sdk/src/rp2_common/pico_stdio/stdio.c.obj
                0x000000001000bc08                _read
 .text._write   0x000000001000bca0       0x20 CMakeFiles/eeprom_programmer.dir/home/casey/pico-sdk/src/rp2_common/pico_stdio/stdio.c.obj
                0x000000001000bca0                _write
 .text.stdio_set_driver_enabled
                0x000000001000bcc0       0x3c CMakeFiles/eeprom_programmer.dir/home/casey/pico-sdk/src/rp2_common/pico_stdio/stdio.c.obj
                0x000000001000bcc0                stdio_set_driver_enabled
 .text.__wrap_vprintf
                0x000000001000bcfc       0xec CMakeFiles/eeprom_programmer.dir/home/casey/pico-sdk/src/rp2_common/pico_stdio/stdio.c.obj
                0x000000001000bcfc                __wrap_vprintf
 .text.__wrap_printf
                0x000000001000bde8       0x18 CMakeFiles/eeprom_programmer.dir/home/casey/pico-sdk/src/rp2_common/pico_stdio/stdio.c.obj
                0x000000001000bde8                __wrap_printf
 .text.stdio_init_all
                0x000000001000be00        0x8 CMakeFiles/eeprom_programmer.dir/home/casey/pico-sdk/src/rp2_common/pico_stdio/stdio.c.obj
                0x000000001000be00                stdio_init_all
 .text.resetd_init
                0x000000001000be08        0x4 CMakeFiles/eeprom_programmer.dir/home/casey/pico-sdk/src/rp2_common/pico_stdio_usb/reset_interface.c.obj
 .text.resetd_reset
                0x000000001000be0c        0xc CMakeFiles/eeprom_programmer.dir/home/casey/pico-sdk/src/rp2_common/pico_stdio_usb/reset_interface.c.obj
 .text.resetd_open
                0x000000001000be18       0x28 CMakeFiles/eeprom_programmer.dir/home/casey/pico-sdk/src/rp2_common/pico_stdio_usb/reset_interface.c.obj
 .text.resetd_xfer_cb
                0x000000001000be40        0x4 CMakeFiles/eeprom_programmer.dir/home/casey/pico-sdk/src/rp2_common/pico_stdio_usb/reset_interface.c.obj
 .text.resetd_control_xfer_cb
                0x000000001000be44       0x64 CMakeFiles/eeprom_programmer.dir/home/casey/pico-sdk/src/rp2_common/pico_stdio_usb/reset_interface.c.obj
 .text.usbd_app_driver_get_cb
                0x000000001000bea8        0xc CMakeFiles/eeprom_programmer.dir/home/casey/pico-sdk/src/rp2_common/pico_stdio_usb/reset_interface.c.obj
                0x000000001000bea8                usbd_app_driver_get_cb
 .text.tud_cdc_line_coding_cb
                0x000000001000beb4       0x34 CMakeFiles/eeprom_programmer.dir/home/casey/pico-sdk/src/rp2_common/pico_stdio_usb/reset_interface.c.obj
                0x000000001000beb4                tud_cdc_line_coding_cb
 .text.stdio_usb_in_chars
                0x000000001000bee8       0x68 CMakeFiles/eeprom_programmer.dir/home/casey/pico-sdk/src/rp2_common/pico_stdio_usb/stdio_usb.c.obj
                0x000000001000bee8                stdio_usb_in_chars
 .text.stdio_usb_out_chars
                0x000000001000bf50       0xec CMakeFiles/eeprom_programmer.dir/home/casey/pico-sdk/src/rp2_common/pico_stdio_usb/stdio_usb.c.obj
 .text.timer_task
                0x000000001000c03c       0x10 CMakeFiles/eeprom_programmer.dir/home/casey/pico-sdk/src/rp2_common/pico_stdio_usb/stdio_usb.c.obj
 .text.low_priority_worker_irq
                0x000000001000c04c       0x24 CMakeFiles/eeprom_programmer.dir/home/casey/pico-sdk/src/rp2_common/pico_stdio_usb/stdio_usb.c.obj
 .text.stdio_usb_init
                0x000000001000c070       0x90 CMakeFiles/eeprom_programmer.dir/home/casey/pico-sdk/src/rp2_common/pico_stdio_usb/stdio_usb.c.obj
                0x000000001000c070                stdio_usb_init
 .text.tud_descriptor_device_cb
                0x000000001000c100        0x8 CMakeFiles/eeprom_programmer.dir/home/casey/pico-sdk/src/rp2_common/pico_stdio_usb/stdio_usb_descriptors.c.obj
                0x000000001000c100                tud_descriptor_device_cb
 .text.tud_descriptor_configuration_cb
                0x000000001000c108        0x8 CMakeFiles/eeprom_programmer.dir/home/casey/pico-sdk/src/rp2_common/pico_stdio_usb/stdio_usb_descriptors.c.obj
                0x000000001000c108                tud_descriptor_configuration_cb
 .text.tud_descriptor_string_cb
                0x000000001000c110       0x70 CMakeFiles/eeprom_programmer.dir/home/casey/pico-sdk/src/rp2_common/pico_stdio_usb/stdio_usb_descriptors.c.obj
                0x000000001000c110                tud_descriptor_string_cb
 .text.dcd_rp2040_irq
                0x000000001000c180      0x148 CMakeFiles/eeprom_programmer.dir/home/casey/pico-sdk/lib/tinyusb/src/portable/raspberrypi/rp2040/dcd_rp2040.c.obj
 .text.dcd_int_enable
                0x000000001000c2c8        0xc CMakeFiles/eeprom_programmer.dir/home/casey/pico-sdk/lib/tinyusb/src/portable/raspberrypi/rp2040/dcd_rp2040.c.obj
                0x000000001000c2c8                dcd_int_enable
 .text.dcd_set_address
                0x000000001000c2d4       0x28 CMakeFiles/eeprom_programmer.dir/home/casey/pico-sdk/lib/tinyusb/src/portable/raspberrypi/rp2040/dcd_rp2040.c.obj
                0x000000001000c2d4                dcd_set_address
 .text.dcd_connect
                0x000000001000c2fc       0x10 CMakeFiles/eeprom_programmer.dir/home/casey/pico-sdk/lib/tinyusb/src/portable/raspberrypi/rp2040/dcd_rp2040.c.obj
                0x000000001000c2fc                dcd_connect
 .text.dcd_init
                0x000000001000c30c       0xa0 CMakeFiles/eeprom_programmer.dir/home/casey/pico-sdk/lib/tinyusb/src/portable/raspberrypi/rp2040/dcd_rp2040.c.obj
                0x000000001000c30c                dcd_init
 .text.dcd_edpt0_status_complete
                0x000000001000c3ac       0x30 CMakeFiles/eeprom_programmer.dir/home/casey/pico-sdk/lib/tinyusb/src/portable/raspberrypi/rp2040/dcd_rp2040.c.obj
                0x000000001000c3ac                dcd_edpt0_status_complete
 .text.dcd_edpt_open
                0x000000001000c3dc      0x130 CMakeFiles/eeprom_programmer.dir/home/casey/pico-sdk/lib/tinyusb/src/portable/raspberrypi/rp2040/dcd_rp2040.c.obj
                0x000000001000c3dc                dcd_edpt_open
 .text.dcd_edpt_xfer
                0x000000001000c50c       0x28 CMakeFiles/eeprom_programmer.dir/home/casey/pico-sdk/lib/tinyusb/src/portable/raspberrypi/rp2040/dcd_rp2040.c.obj
                0x000000001000c50c                dcd_edpt_xfer
 .text.dcd_edpt_stall
                0x000000001000c534       0x48 CMakeFiles/eeprom_programmer.dir/home/casey/pico-sdk/lib/tinyusb/src/portable/raspberrypi/rp2040/dcd_rp2040.c.obj
                0x000000001000c534                dcd_edpt_stall
 .text.dcd_edpt_clear_stall
                0x000000001000c57c       0x48 CMakeFiles/eeprom_programmer.dir/home/casey/pico-sdk/lib/tinyusb/src/portable/raspberrypi/rp2040/dcd_rp2040.c.obj
                0x000000001000c57c                dcd_edpt_clear_stall
 .text._hw_endpoint_buffer_control_update32.part.0
                0x000000001000c5c4       0x20 CMakeFiles/eeprom_programmer.dir/home/casey/pico-sdk/lib/tinyusb/src/portable/raspberrypi/rp2040/rp2040_usb.c.obj
 .text.rp2040_usb_init
                0x000000001000c5e4       0x50 CMakeFiles/eeprom_programmer.dir/home/casey/pico-sdk/lib/tinyusb/src/portable/raspberrypi/rp2040/rp2040_usb.c.obj
                0x000000001000c5e4                rp2040_usb_init
 .text.hw_endpoint_reset_transfer
                0x000000001000c634        0xc CMakeFiles/eeprom_programmer.dir/home/casey/pico-sdk/lib/tinyusb/src/portable/raspberrypi/rp2040/rp2040_usb.c.obj
                0x000000001000c634                hw_endpoint_reset_transfer
 .text._hw_endpoint_buffer_control_update32
                0x000000001000c640       0x40 CMakeFiles/eeprom_programmer.dir/home/casey/pico-sdk/lib/tinyusb/src/portable/raspberrypi/rp2040/rp2040_usb.c.obj
                0x000000001000c640                _hw_endpoint_buffer_control_update32
 .text._hw_endpoint_xfer_continue
                0x000000001000c680      0x104 CMakeFiles/eeprom_programmer.dir/home/casey/pico-sdk/lib/tinyusb/src/portable/raspberrypi/rp2040/rp2040_usb.c.obj
                0x000000001000c680                _hw_endpoint_xfer_continue
 .text._hw_endpoint_xfer
                0x000000001000c784       0xac CMakeFiles/eeprom_programmer.dir/home/casey/pico-sdk/lib/tinyusb/src/portable/raspberrypi/rp2040/rp2040_usb.c.obj
                0x000000001000c784                _hw_endpoint_xfer
 .text.tud_mounted
                0x000000001000c830       0x10 CMakeFiles/eeprom_programmer.dir/home/casey/pico-sdk/lib/tinyusb/src/device/usbd.c.obj
                0x000000001000c830                tud_mounted
 .text.tud_suspended
                0x000000001000c840       0x10 CMakeFiles/eeprom_programmer.dir/home/casey/pico-sdk/lib/tinyusb/src/device/usbd.c.obj
                0x000000001000c840                tud_suspended
 .text.tud_inited
                0x000000001000c850        0xc CMakeFiles/eeprom_programmer.dir/home/casey/pico-sdk/lib/tinyusb/src/device/usbd.c.obj
                0x000000001000c850                tud_inited
 .text.tud_init
                0x000000001000c85c       0xd8 CMakeFiles/eeprom_programmer.dir/home/casey/pico-sdk/lib/tinyusb/src/device/usbd.c.obj
                0x000000001000c85c                tud_init
 .text.tud_task
                0x000000001000c934      0x7f8 CMakeFiles/eeprom_programmer.dir/home/casey/pico-sdk/lib/tinyusb/src/device/usbd.c.obj
                0x000000001000c934                tud_task
 .text.dcd_event_bus_signal
                0x000000001000d12c       0xe8 CMakeFiles/eeprom_programmer.dir/home/casey/pico-sdk/lib/tinyusb/src/device/usbd.c.obj
                0x000000001000d12c                dcd_event_bus_signal
 .text.dcd_event_bus_reset
                0x000000001000d214       0x54 CMakeFiles/eeprom_programmer.dir/home/casey/pico-sdk/lib/tinyusb/src/device/usbd.c.obj
                0x000000001000d214                dcd_event_bus_reset
 .text.dcd_event_setup_received
                0x000000001000d268       0x50 CMakeFiles/eeprom_programmer.dir/home/casey/pico-sdk/lib/tinyusb/src/device/usbd.c.obj
                0x000000001000d268                dcd_event_setup_received
 .text.dcd_event_xfer_complete
                0x000000001000d2b8       0x68 CMakeFiles/eeprom_programmer.dir/home/casey/pico-sdk/lib/tinyusb/src/device/usbd.c.obj
                0x000000001000d2b8                dcd_event_xfer_complete
 .text.usbd_open_edpt_pair
                0x000000001000d320       0xe4 CMakeFiles/eeprom_programmer.dir/home/casey/pico-sdk/lib/tinyusb/src/device/usbd.c.obj
                0x000000001000d320                usbd_open_edpt_pair
 .text.usbd_edpt_open
                0x000000001000d404       0xa8 CMakeFiles/eeprom_programmer.dir/home/casey/pico-sdk/lib/tinyusb/src/device/usbd.c.obj
                0x000000001000d404                usbd_edpt_open
 .text.usbd_edpt_claim
                0x000000001000d4ac       0x64 CMakeFiles/eeprom_programmer.dir/home/casey/pico-sdk/lib/tinyusb/src/device/usbd.c.obj
                0x000000001000d4ac                usbd_edpt_claim
 .text.usbd_edpt_release
                0x000000001000d510       0x4c CMakeFiles/eeprom_programmer.dir/home/casey/pico-sdk/lib/tinyusb/src/device/usbd.c.obj
                0x000000001000d510                usbd_edpt_release
 .text.usbd_edpt_xfer
                0x000000001000d55c       0x48 CMakeFiles/eeprom_programmer.dir/home/casey/pico-sdk/lib/tinyusb/src/device/usbd.c.obj
                0x000000001000d55c                usbd_edpt_xfer
 .text.tud_control_status
                0x000000001000d5a4       0x30 CMakeFiles/eeprom_programmer.dir/home/casey/pico-sdk/lib/tinyusb/src/device/usbd_control.c.obj
                0x000000001000d5a4                tud_control_status
 .text.tud_control_xfer
                0x000000001000d5d4       0xb8 CMakeFiles/eeprom_programmer.dir/home/casey/pico-sdk/lib/tinyusb/src/device/usbd_control.c.obj
                0x000000001000d5d4                tud_control_xfer
 .text.usbd_control_reset
                0x000000001000d68c       0x14 CMakeFiles/eeprom_programmer.dir/home/casey/pico-sdk/lib/tinyusb/src/device/usbd_control.c.obj
                0x000000001000d68c                usbd_control_reset
 .text.usbd_control_set_complete_callback
                0x000000001000d6a0        0xc CMakeFiles/eeprom_programmer.dir/home/casey/pico-sdk/lib/tinyusb/src/device/usbd_control.c.obj
                0x000000001000d6a0                usbd_control_set_complete_callback
 .text.usbd_control_set_request
                0x000000001000d6ac       0x1c CMakeFiles/eeprom_programmer.dir/home/casey/pico-sdk/lib/tinyusb/src/device/usbd_control.c.obj
                0x000000001000d6ac                usbd_control_set_request
 .text.usbd_control_xfer_cb
                0x000000001000d6c8       0xf8 CMakeFiles/eeprom_programmer.dir/home/casey/pico-sdk/lib/tinyusb/src/device/usbd_control.c.obj
                0x000000001000d6c8                usbd_control_xfer_cb
 .text.tud_cdc_n_connected
                0x000000001000d7c0       0x30 CMakeFiles/eeprom_programmer.dir/home/casey/pico-sdk/lib/tinyusb/src/class/cdc/cdc_device.c.obj
                0x000000001000d7c0                tud_cdc_n_connected
 .text.tud_cdc_n_available
                0x000000001000d7f0       0x18 CMakeFiles/eeprom_programmer.dir/home/casey/pico-sdk/lib/tinyusb/src/class/cdc/cdc_device.c.obj
                0x000000001000d7f0                tud_cdc_n_available
 .text.tud_cdc_n_read
                0x000000001000d808       0x70 CMakeFiles/eeprom_programmer.dir/home/casey/pico-sdk/lib/tinyusb/src/class/cdc/cdc_device.c.obj
                0x000000001000d808                tud_cdc_n_read
 .text.tud_cdc_n_write_flush
                0x000000001000d878       0x78 CMakeFiles/eeprom_programmer.dir/home/casey/pico-sdk/lib/tinyusb/src/class/cdc/cdc_device.c.obj
                0x000000001000d878                tud_cdc_n_write_flush
 .text.tud_cdc_n_write
                0x000000001000d8f0       0x34 CMakeFiles/eeprom_programmer.dir/home/casey/pico-sdk/lib/tinyusb/src/class/cdc/cdc_device.c.obj
                0x000000001000d8f0                tud_cdc_n_write
 .text.tud_cdc_n_write_available
                0x000000001000d924       0x18 CMakeFiles/eeprom_programmer.dir/home/casey/pico-sdk/lib/tinyusb/src/class/cdc/cdc_device.c.obj
                0x000000001000d924                tud_cdc_n_write_available
 .text.cdcd_init
                0x000000001000d93c       0x7c CMakeFiles/eeprom_programmer.dir/home/casey/pico-sdk/lib/tinyusb/src/class/cdc/cdc_device.c.obj
                0x000000001000d93c                cdcd_init
 .text.cdcd_reset
                0x000000001000d9b8       0x2c CMakeFiles/eeprom_programmer.dir/home/casey/pico-sdk/lib/tinyusb/src/class/cdc/cdc_device.c.obj
                0x000000001000d9b8                cdcd_reset
 .text.cdcd_open
                0x000000001000d9e4       0xec CMakeFiles/eeprom_programmer.dir/home/casey/pico-sdk/lib/tinyusb/src/class/cdc/cdc_device.c.obj
                0x000000001000d9e4                cdcd_open
 .text.cdcd_control_xfer_cb
                0x000000001000dad0       0xe0 CMakeFiles/eeprom_programmer.dir/home/casey/pico-sdk/lib/tinyusb/src/class/cdc/cdc_device.c.obj
                0x000000001000dad0                cdcd_control_xfer_cb
 .text.cdcd_xfer_cb
                0x000000001000dbb0      0x198 CMakeFiles/eeprom_programmer.dir/home/casey/pico-sdk/lib/tinyusb/src/class/cdc/cdc_device.c.obj
                0x000000001000dbb0                cdcd_xfer_cb
 .text.tusb_init
                0x000000001000dd48        0xc CMakeFiles/eeprom_programmer.dir/home/casey/pico-sdk/lib/tinyusb/src/tusb.c.obj
                0x000000001000dd48                tusb_init
 .text.tusb_inited
                0x000000001000dd54        0x8 CMakeFiles/eeprom_programmer.dir/home/casey/pico-sdk/lib/tinyusb/src/tusb.c.obj
                0x000000001000dd54                tusb_inited
 .text.tu_fifo_config
                0x000000001000dd5c       0x78 CMakeFiles/eeprom_programmer.dir/home/casey/pico-sdk/lib/tinyusb/src/common/tusb_fifo.c.obj
                0x000000001000dd5c                tu_fifo_config
 .text.tu_fifo_count
                0x000000001000ddd4       0x20 CMakeFiles/eeprom_programmer.dir/home/casey/pico-sdk/lib/tinyusb/src/common/tusb_fifo.c.obj
                0x000000001000ddd4                tu_fifo_count
 .text.tu_fifo_empty
                0x000000001000ddf4       0x10 CMakeFiles/eeprom_programmer.dir/home/casey/pico-sdk/lib/tinyusb/src/common/tusb_fifo.c.obj
                0x000000001000ddf4                tu_fifo_empty
 .text.tu_fifo_remaining
                0x000000001000de04       0x1c CMakeFiles/eeprom_programmer.dir/home/casey/pico-sdk/lib/tinyusb/src/common/tusb_fifo.c.obj
                0x000000001000de04                tu_fifo_remaining
 .text.tu_fifo_read
                0x000000001000de20       0x9c CMakeFiles/eeprom_programmer.dir/home/casey/pico-sdk/lib/tinyusb/src/common/tusb_fifo.c.obj
                0x000000001000de20                tu_fifo_read
 .text.tu_fifo_read_n
                0x000000001000debc       0xfc CMakeFiles/eeprom_programmer.dir/home/casey/pico-sdk/lib/tinyusb/src/common/tusb_fifo.c.obj
                0x000000001000debc                tu_fifo_read_n
 .text.tu_fifo_write
                0x000000001000dfb8       0x78 CMakeFiles/eeprom_programmer.dir/home/casey/pico-sdk/lib/tinyusb/src/common/tusb_fifo.c.obj
                0x000000001000dfb8                tu_fifo_write
 .text.tu_fifo_write_n
                0x000000001000e030      0x118 CMakeFiles/eeprom_programmer.dir/home/casey/pico-sdk/lib/tinyusb/src/common/tusb_fifo.c.obj
                0x000000001000e030                tu_fifo_write_n
 .text.tu_fifo_clear
                0x000000001000e148       0x4c CMakeFiles/eeprom_programmer.dir/home/casey/pico-sdk/lib/tinyusb/src/common/tusb_fifo.c.obj
                0x000000001000e148                tu_fifo_clear
 .text.tu_fifo_set_overwritable
                0x000000001000e194       0x3c CMakeFiles/eeprom_programmer.dir/home/casey/pico-sdk/lib/tinyusb/src/common/tusb_fifo.c.obj
                0x000000001000e194                tu_fifo_set_overwritable
 .text.startup._retrieve_unique_id_on_boot
                0x000000001000e1d0       0x10 CMakeFiles/eeprom_programmer.dir/home/casey/pico-sdk/src/rp2_common/pico_unique_id/unique_id.c.obj
 .text.pico_get_unique_board_id_string
                0x000000001000e1e0      0x1bc CMakeFiles/eeprom_programmer.dir/home/casey/pico-sdk/src/rp2_common/pico_unique_id/unique_id.c.obj
                0x000000001000e1e0                pico_get_unique_board_id_string
 .text.flash_get_unique_id
                0x000000001000e39c       0x40 CMakeFiles/eeprom_programmer.dir/home/casey/pico-sdk/src/rp2_common/hardware_flash/flash.c.obj
                0x000000001000e39c                flash_get_unique_id
 .text          0x000000001000e3dc       0x18 /usr/lib/gcc/arm-none-eabi/9.2.1/../../../arm-none-eabi/lib/thumb/v6-m/nofp/libc.a(lib_a-calloc.o)
                0x000000001000e3dc                calloc
 .text          0x000000001000e3f4       0x5c /usr/lib/gcc/arm-none-eabi/9.2.1/../../../arm-none-eabi/lib/thumb/v6-m/nofp/libc.a(lib_a-callocr.o)
                0x000000001000e3f4                _calloc_r
 .text          0x000000001000e450      0x198 /usr/lib/gcc/arm-none-eabi/9.2.1/../../../arm-none-eabi/lib/thumb/v6-m/nofp/libc.a(lib_a-fflush.o)
                0x000000001000e450                __sflush_r
                0x000000001000e590                _fflush_r
                0x000000001000e5bc                fflush
 .text          0x000000001000e5e8      0x220 /usr/lib/gcc/arm-none-eabi/9.2.1/../../../arm-none-eabi/lib/thumb/v6-m/nofp/libc.a(lib_a-findfp.o)
                0x000000001000e5ec                _cleanup_r
                0x000000001000e6e8                __sfmoreglue
                0x000000001000e718                __sfp
                0x000000001000e7a0                _cleanup
                0x000000001000e7b8                __sinit
                0x000000001000e7c8                __sfp_lock_acquire
                0x000000001000e7cc                __sfp_lock_release
                0x000000001000e7d0                __sinit_lock_acquire
                0x000000001000e7d4                __sinit_lock_release
                0x000000001000e7d8                __fp_lock_all
                0x000000001000e7f0                __fp_unlock_all
 .text          0x000000001000e808      0x260 /usr/lib/gcc/arm-none-eabi/9.2.1/../../../arm-none-eabi/lib/thumb/v6-m/nofp/libc.a(lib_a-freer.o)
                0x000000001000e808                _malloc_trim_r
                0x000000001000e8a4                _free_r
 .text          0x000000001000ea68       0x88 /usr/lib/gcc/arm-none-eabi/9.2.1/../../../arm-none-eabi/lib/thumb/v6-m/nofp/libc.a(lib_a-fwalk.o)
                0x000000001000ea68                _fwalk
                0x000000001000eaa8                _fwalk_reent
 .text          0x000000001000eaf0       0x94 /usr/lib/gcc/arm-none-eabi/9.2.1/../../../arm-none-eabi/lib/thumb/v6-m/nofp/libc.a(lib_a-fwrite.o)
                0x000000001000eaf0                _fwrite_r
                0x000000001000eb64                fwrite
 .text          0x000000001000eb84       0x28 /usr/lib/gcc/arm-none-eabi/9.2.1/../../../arm-none-eabi/lib/thumb/v6-m/nofp/libc.a(lib_a-malloc.o)
                0x000000001000eb84                malloc
                0x000000001000eb98                free
 .text          0x000000001000ebac      0x574 /usr/lib/gcc/arm-none-eabi/9.2.1/../../../arm-none-eabi/lib/thumb/v6-m/nofp/libc.a(lib_a-mallocr.o)
                0x000000001000ebac                _malloc_r
 .text          0x000000001000f120        0x8 /usr/lib/gcc/arm-none-eabi/9.2.1/../../../arm-none-eabi/lib/thumb/v6-m/nofp/libc.a(lib_a-mlock.o)
                0x000000001000f120                __malloc_lock
                0x000000001000f124                __malloc_unlock
 .text          0x000000001000f128       0x18 /usr/lib/gcc/arm-none-eabi/9.2.1/../../../arm-none-eabi/lib/thumb/v6-m/nofp/libc.a(lib_a-realloc.o)
                0x000000001000f128                realloc
 .text          0x000000001000f140      0x358 /usr/lib/gcc/arm-none-eabi/9.2.1/../../../arm-none-eabi/lib/thumb/v6-m/nofp/libc.a(lib_a-reallocr.o)
                0x000000001000f140                _realloc_r
 .text          0x000000001000f498       0x24 /usr/lib/gcc/arm-none-eabi/9.2.1/../../../arm-none-eabi/lib/thumb/v6-m/nofp/libc.a(lib_a-sbrkr.o)
                0x000000001000f498                _sbrk_r
 .text          0x000000001000f4bc      0x190 /usr/lib/gcc/arm-none-eabi/9.2.1/../../../arm-none-eabi/lib/thumb/v6-m/nofp/libc.a(lib_a-signal.o)
                0x000000001000f4e8                _init_signal_r
                0x000000001000f504                _signal_r
                0x000000001000f540                _raise_r
                0x000000001000f59c                __sigtramp_r
                0x000000001000f5ec                raise
                0x000000001000f600                signal
                0x000000001000f618                _init_signal
                0x000000001000f638                __sigtramp
 .text          0x000000001000f64c       0x30 /usr/lib/gcc/arm-none-eabi/9.2.1/../../../arm-none-eabi/lib/thumb/v6-m/nofp/libc.a(lib_a-signalr.o)
                0x000000001000f64c                _kill_r
                0x000000001000f674                _getpid_r
 .text          0x000000001000f67c       0xa4 /usr/lib/gcc/arm-none-eabi/9.2.1/../../../arm-none-eabi/lib/thumb/v6-m/nofp/libc.a(lib_a-stdio.o)
                0x000000001000f67c                __sread
                0x000000001000f6a4                __seofread
                0x000000001000f6a8                __swrite
                0x000000001000f6e8                __sseek
                0x000000001000f714                __sclose
 .text          0x000000001000f720       0x5c /usr/lib/gcc/arm-none-eabi/9.2.1/../../../arm-none-eabi/lib/thumb/v6-m/nofp/libc.a(lib_a-strlen-stub.o)
                0x000000001000f720                strlen
 .text          0x000000001000f77c       0x28 /usr/lib/gcc/arm-none-eabi/9.2.1/../../../arm-none-eabi/lib/thumb/v6-m/nofp/libc.a(lib_a-writer.o)
                0x000000001000f77c                _write_r
 .text          0x000000001000f7a4       0x24 /usr/lib/gcc/arm-none-eabi/9.2.1/../../../arm-none-eabi/lib/thumb/v6-m/nofp/libc.a(lib_a-closer.o)
                0x000000001000f7a4                _close_r
 .text          0x000000001000f7c8       0xac /usr/lib/gcc/arm-none-eabi/9.2.1/../../../arm-none-eabi/lib/thumb/v6-m/nofp/libc.a(lib_a-fclose.o)
                0x000000001000f7c8                _fclose_r
                0x000000001000f860                fclose
 .text          0x000000001000f874      0x2f0 /usr/lib/gcc/arm-none-eabi/9.2.1/../../../arm-none-eabi/lib/thumb/v6-m/nofp/libc.a(lib_a-fvwrite.o)
                0x000000001000f874                __sfvwrite_r
 .text          0x000000001000fb64       0x28 /usr/lib/gcc/arm-none-eabi/9.2.1/../../../arm-none-eabi/lib/thumb/v6-m/nofp/libc.a(lib_a-lseekr.o)
                0x000000001000fb64                _lseek_r
 .text          0x000000001000fb8c       0x28 /usr/lib/gcc/arm-none-eabi/9.2.1/../../../arm-none-eabi/lib/thumb/v6-m/nofp/libc.a(lib_a-readr.o)
                0x000000001000fb8c                _read_r
 .text          0x000000001000fbb4       0xd4 /usr/lib/gcc/arm-none-eabi/9.2.1/../../../arm-none-eabi/lib/thumb/v6-m/nofp/libc.a(lib_a-wsetup.o)
                0x000000001000fbb4                __swsetup_r
 .text          0x000000001000fc88       0xf0 /usr/lib/gcc/arm-none-eabi/9.2.1/../../../arm-none-eabi/lib/thumb/v6-m/nofp/libc.a(lib_a-makebuf.o)
                0x000000001000fc88                __swhatbuf_r
                0x000000001000fce8                __smakebuf_r
 .text          0x000000001000fd78       0x28 /usr/lib/gcc/arm-none-eabi/9.2.1/../../../arm-none-eabi/lib/thumb/v6-m/nofp/libc.a(lib_a-fstatr.o)
                0x000000001000fd78                _fstat_r
 .text          0x000000001000fda0       0x24 /usr/lib/gcc/arm-none-eabi/9.2.1/../../../arm-none-eabi/lib/thumb/v6-m/nofp/libc.a(lib_a-isattyr.o)
                0x000000001000fda0                _isatty_r
 .text          0x000000001000fdc4       0x10 /usr/lib/gcc/arm-none-eabi/9.2.1/../../../arm-none-eabi/lib/thumb/v6-m/nofp/libnosys.a(close.o)
                0x000000001000fdc4                _close
 .text          0x000000001000fdd4       0x10 /usr/lib/gcc/arm-none-eabi/9.2.1/../../../arm-none-eabi/lib/thumb/v6-m/nofp/libnosys.a(fstat.o)
                0x000000001000fdd4                _fstat
 .text          0x000000001000fde4       0x10 /usr/lib/gcc/arm-none-eabi/9.2.1/../../../arm-none-eabi/lib/thumb/v6-m/nofp/libnosys.a(getpid.o)
                0x000000001000fde4                _getpid
 .text          0x000000001000fdf4       0x10 /usr/lib/gcc/arm-none-eabi/9.2.1/../../../arm-none-eabi/lib/thumb/v6-m/nofp/libnosys.a(isatty.o)
                0x000000001000fdf4                _isatty
 .text          0x000000001000fe04       0x10 /usr/lib/gcc/arm-none-eabi/9.2.1/../../../arm-none-eabi/lib/thumb/v6-m/nofp/libnosys.a(kill.o)
                0x000000001000fe04                _kill
 .text          0x000000001000fe14       0x10 /usr/lib/gcc/arm-none-eabi/9.2.1/../../../arm-none-eabi/lib/thumb/v6-m/nofp/libnosys.a(lseek.o)
                0x000000001000fe14                _lseek
 *(.fini)
 .fini          0x000000001000fe24        0x4 /usr/lib/gcc/arm-none-eabi/9.2.1/thumb/v6-m/nofp/crti.o
                0x000000001000fe24                _fini
 .fini.__stub   0x000000001000fe28       0x90 linker stubs
 *crtbegin.o(.ctors)
 *crtbegin?.o(.ctors)
 *(EXCLUDE_FILE(*crtend.o *crtend?.o) .ctors)
 *(SORT_BY_NAME(.ctors.*))
 *(.ctors)
 *crtbegin.o(.dtors)
 *crtbegin?.o(.dtors)
 *(EXCLUDE_FILE(*crtend.o *crtend?.o) .dtors)
 *(SORT_BY_NAME(.dtors.*))
 *(.dtors)
 *(.eh_frame*)
 .eh_frame      0x000000001000feb8        0x0 /usr/lib/gcc/arm-none-eabi/9.2.1/thumb/v6-m/nofp/crtbegin.o
                0x000000001000feb8                . = ALIGN (0x4)

.glue_7         0x000000001000feb8        0x0
 .glue_7        0x000000001000feb8        0x0 linker stubs

.glue_7t        0x000000001000feb8        0x0
 .glue_7t       0x000000001000feb8        0x0 linker stubs

.vfp11_veneer   0x000000001000feb8        0x0
 .vfp11_veneer  0x000000001000feb8        0x0 linker stubs

.v4_bx          0x000000001000feb8        0x0
 .v4_bx         0x000000001000feb8        0x0 linker stubs

.iplt           0x000000001000feb8        0x0
 .iplt          0x000000001000feb8        0x0 /usr/lib/gcc/arm-none-eabi/9.2.1/thumb/v6-m/nofp/crtbegin.o

.rodata         0x000000001000feb8      0xe58
 *(EXCLUDE_FILE(*libm.a: *libc.a:*lib_a-mem*.o *libgcc.a:) .rodata*)
 .rodata.NimMainModule.str1.4
                0x000000001000feb8        0x0 CMakeFiles/eeprom_programmer.dir/eeprom_programmer.c.obj
                                          0x1 (size before relaxing)
 .rodata.CSWTCH.151
                0x000000001000feb8       0x6c CMakeFiles/eeprom_programmer.dir/eeprom_programmer.c.obj
 .rodata.CSWTCH.152
                0x000000001000ff24       0x6c CMakeFiles/eeprom_programmer.dir/eeprom_programmer.c.obj
 .rodata.TM__c0pjnlBjpnggBqxewNeRCw_10
                0x000000001000ff90        0x8 CMakeFiles/eeprom_programmer.dir/eeprom_programmer.c.obj
 .rodata.TM__c0pjnlBjpnggBqxewNeRCw_11
                0x000000001000ff98       0x20 CMakeFiles/eeprom_programmer.dir/eeprom_programmer.c.obj
 .rodata.TM__c0pjnlBjpnggBqxewNeRCw_118
                0x000000001000ffb8        0x8 CMakeFiles/eeprom_programmer.dir/eeprom_programmer.c.obj
 .rodata.TM__c0pjnlBjpnggBqxewNeRCw_119
                0x000000001000ffc0       0x28 CMakeFiles/eeprom_programmer.dir/eeprom_programmer.c.obj
 .rodata.TM__c0pjnlBjpnggBqxewNeRCw_127
                0x000000001000ffe8        0x8 CMakeFiles/eeprom_programmer.dir/eeprom_programmer.c.obj
 .rodata.TM__c0pjnlBjpnggBqxewNeRCw_128
                0x000000001000fff0       0x34 CMakeFiles/eeprom_programmer.dir/eeprom_programmer.c.obj
 .rodata.TM__c0pjnlBjpnggBqxewNeRCw_13
                0x0000000010010024        0x8 CMakeFiles/eeprom_programmer.dir/eeprom_programmer.c.obj
 .rodata.TM__c0pjnlBjpnggBqxewNeRCw_14
                0x000000001001002c       0x34 CMakeFiles/eeprom_programmer.dir/eeprom_programmer.c.obj
 .rodata.TM__c0pjnlBjpnggBqxewNeRCw_15
                0x0000000010010060        0x8 CMakeFiles/eeprom_programmer.dir/eeprom_programmer.c.obj
 .rodata.TM__c0pjnlBjpnggBqxewNeRCw_16
                0x0000000010010068       0x38 CMakeFiles/eeprom_programmer.dir/eeprom_programmer.c.obj
 .rodata.TM__c0pjnlBjpnggBqxewNeRCw_17
                0x00000000100100a0        0xc CMakeFiles/eeprom_programmer.dir/eeprom_programmer.c.obj
 .rodata.TM__c0pjnlBjpnggBqxewNeRCw_2
                0x00000000100100ac       0x48 CMakeFiles/eeprom_programmer.dir/eeprom_programmer.c.obj
 .rodata.TM__c0pjnlBjpnggBqxewNeRCw_20
                0x00000000100100f4        0x8 CMakeFiles/eeprom_programmer.dir/eeprom_programmer.c.obj
 .rodata.TM__c0pjnlBjpnggBqxewNeRCw_21
                0x00000000100100fc       0x58 CMakeFiles/eeprom_programmer.dir/eeprom_programmer.c.obj
 .rodata.TM__c0pjnlBjpnggBqxewNeRCw_22
                0x0000000010010154        0x8 CMakeFiles/eeprom_programmer.dir/eeprom_programmer.c.obj
 .rodata.TM__c0pjnlBjpnggBqxewNeRCw_23
                0x000000001001015c       0x24 CMakeFiles/eeprom_programmer.dir/eeprom_programmer.c.obj
 .rodata.TM__c0pjnlBjpnggBqxewNeRCw_24
                0x0000000010010180        0x8 CMakeFiles/eeprom_programmer.dir/eeprom_programmer.c.obj
 .rodata.TM__c0pjnlBjpnggBqxewNeRCw_25
                0x0000000010010188       0x24 CMakeFiles/eeprom_programmer.dir/eeprom_programmer.c.obj
 .rodata.TM__c0pjnlBjpnggBqxewNeRCw_26
                0x00000000100101ac        0x8 CMakeFiles/eeprom_programmer.dir/eeprom_programmer.c.obj
 .rodata.TM__c0pjnlBjpnggBqxewNeRCw_27
                0x00000000100101b4       0x34 CMakeFiles/eeprom_programmer.dir/eeprom_programmer.c.obj
 .rodata.TM__c0pjnlBjpnggBqxewNeRCw_28
                0x00000000100101e8        0x8 CMakeFiles/eeprom_programmer.dir/eeprom_programmer.c.obj
 .rodata.TM__c0pjnlBjpnggBqxewNeRCw_29
                0x00000000100101f0       0x4c CMakeFiles/eeprom_programmer.dir/eeprom_programmer.c.obj
 .rodata.TM__c0pjnlBjpnggBqxewNeRCw_3
                0x000000001001023c       0x60 CMakeFiles/eeprom_programmer.dir/eeprom_programmer.c.obj
 .rodata.TM__c0pjnlBjpnggBqxewNeRCw_30
                0x000000001001029c        0x8 CMakeFiles/eeprom_programmer.dir/eeprom_programmer.c.obj
 .rodata.TM__c0pjnlBjpnggBqxewNeRCw_32
                0x00000000100102a4        0x8 CMakeFiles/eeprom_programmer.dir/eeprom_programmer.c.obj
 .rodata.TM__c0pjnlBjpnggBqxewNeRCw_34
                0x00000000100102ac        0x8 CMakeFiles/eeprom_programmer.dir/eeprom_programmer.c.obj
 .rodata.TM__c0pjnlBjpnggBqxewNeRCw_36
                0x00000000100102b4        0x8 CMakeFiles/eeprom_programmer.dir/eeprom_programmer.c.obj
 .rodata.TM__c0pjnlBjpnggBqxewNeRCw_38
                0x00000000100102bc        0x8 CMakeFiles/eeprom_programmer.dir/eeprom_programmer.c.obj
 .rodata.TM__c0pjnlBjpnggBqxewNeRCw_4
                0x00000000100102c4       0x14 CMakeFiles/eeprom_programmer.dir/eeprom_programmer.c.obj
 .rodata.TM__c0pjnlBjpnggBqxewNeRCw_40
                0x00000000100102d8        0x8 CMakeFiles/eeprom_programmer.dir/eeprom_programmer.c.obj
 .rodata.TM__c0pjnlBjpnggBqxewNeRCw_42
                0x00000000100102e0        0x8 CMakeFiles/eeprom_programmer.dir/eeprom_programmer.c.obj
 .rodata.TM__c0pjnlBjpnggBqxewNeRCw_44
                0x00000000100102e8        0x8 CMakeFiles/eeprom_programmer.dir/eeprom_programmer.c.obj
 .rodata.TM__c0pjnlBjpnggBqxewNeRCw_46
                0x00000000100102f0        0x8 CMakeFiles/eeprom_programmer.dir/eeprom_programmer.c.obj
 .rodata.TM__c0pjnlBjpnggBqxewNeRCw_48
                0x00000000100102f8        0x8 CMakeFiles/eeprom_programmer.dir/eeprom_programmer.c.obj
 .rodata.TM__c0pjnlBjpnggBqxewNeRCw_50
                0x0000000010010300        0x8 CMakeFiles/eeprom_programmer.dir/eeprom_programmer.c.obj
 .rodata.TM__c0pjnlBjpnggBqxewNeRCw_52
                0x0000000010010308        0x8 CMakeFiles/eeprom_programmer.dir/eeprom_programmer.c.obj
 .rodata.TM__c0pjnlBjpnggBqxewNeRCw_54
                0x0000000010010310        0x8 CMakeFiles/eeprom_programmer.dir/eeprom_programmer.c.obj
 .rodata.TM__c0pjnlBjpnggBqxewNeRCw_56
                0x0000000010010318        0x8 CMakeFiles/eeprom_programmer.dir/eeprom_programmer.c.obj
 .rodata.TM__c0pjnlBjpnggBqxewNeRCw_58
                0x0000000010010320        0x8 CMakeFiles/eeprom_programmer.dir/eeprom_programmer.c.obj
 .rodata.TM__c0pjnlBjpnggBqxewNeRCw_60
                0x0000000010010328        0x8 CMakeFiles/eeprom_programmer.dir/eeprom_programmer.c.obj
 .rodata.TM__c0pjnlBjpnggBqxewNeRCw_62
                0x0000000010010330        0x8 CMakeFiles/eeprom_programmer.dir/eeprom_programmer.c.obj
 .rodata.TM__c0pjnlBjpnggBqxewNeRCw_64
                0x0000000010010338        0x8 CMakeFiles/eeprom_programmer.dir/eeprom_programmer.c.obj
 .rodata.TM__c0pjnlBjpnggBqxewNeRCw_66
                0x0000000010010340        0x8 CMakeFiles/eeprom_programmer.dir/eeprom_programmer.c.obj
 .rodata.TM__c0pjnlBjpnggBqxewNeRCw_68
                0x0000000010010348        0x8 CMakeFiles/eeprom_programmer.dir/eeprom_programmer.c.obj
 .rodata.TM__c0pjnlBjpnggBqxewNeRCw_70
                0x0000000010010350        0x8 CMakeFiles/eeprom_programmer.dir/eeprom_programmer.c.obj
 .rodata.TM__c0pjnlBjpnggBqxewNeRCw_72
                0x0000000010010358        0x8 CMakeFiles/eeprom_programmer.dir/eeprom_programmer.c.obj
 .rodata.TM__c0pjnlBjpnggBqxewNeRCw_74
                0x0000000010010360        0x8 CMakeFiles/eeprom_programmer.dir/eeprom_programmer.c.obj
 .rodata.TM__c0pjnlBjpnggBqxewNeRCw_76
                0x0000000010010368        0x8 CMakeFiles/eeprom_programmer.dir/eeprom_programmer.c.obj
 .rodata.TM__c0pjnlBjpnggBqxewNeRCw_78
                0x0000000010010370        0x8 CMakeFiles/eeprom_programmer.dir/eeprom_programmer.c.obj
 .rodata.TM__c0pjnlBjpnggBqxewNeRCw_80
                0x0000000010010378        0x8 CMakeFiles/eeprom_programmer.dir/eeprom_programmer.c.obj
 .rodata.TM__c0pjnlBjpnggBqxewNeRCw_82
                0x0000000010010380        0x8 CMakeFiles/eeprom_programmer.dir/eeprom_programmer.c.obj
 .rodata.TM__c0pjnlBjpnggBqxewNeRCw_90
                0x0000000010010388        0x8 CMakeFiles/eeprom_programmer.dir/eeprom_programmer.c.obj
 .rodata.TM__c0pjnlBjpnggBqxewNeRCw_93
                0x0000000010010390        0x8 CMakeFiles/eeprom_programmer.dir/eeprom_programmer.c.obj
 .rodata.TM__c0pjnlBjpnggBqxewNeRCw_94
                0x0000000010010398       0x2c CMakeFiles/eeprom_programmer.dir/eeprom_programmer.c.obj
 .rodata.TM__c0pjnlBjpnggBqxewNeRCw_95
                0x00000000100103c4       0x60 CMakeFiles/eeprom_programmer.dir/eeprom_programmer.c.obj
 .rodata.TM__c0pjnlBjpnggBqxewNeRCw_96
                0x0000000010010424        0x8 CMakeFiles/eeprom_programmer.dir/eeprom_programmer.c.obj
 .rodata.dataLines__UTJphx4h3En9cbm5536bhkA
                0x000000001001042c        0x8 CMakeFiles/eeprom_programmer.dir/eeprom_programmer.c.obj
                0x000000001001042c                dataLines__UTJphx4h3En9cbm5536bhkA
 .rodata.raiseAssert__gpGJG5CoQzE64skFd9bPG7A.str1.4
                0x0000000010010434       0x25 CMakeFiles/eeprom_programmer.dir/stdlib_assertions.nim.c.obj
 *fill*         0x0000000010010459        0x3 
 .rodata.TM__n49a9aYp5BrbXv9a6OCpJYm0g_2
                0x000000001001045c        0x8 CMakeFiles/eeprom_programmer.dir/stdlib_dollars.nim.c.obj
 .rodata.TM__n49a9aYp5BrbXv9a6OCpJYm0g_3
                0x0000000010010464        0x8 CMakeFiles/eeprom_programmer.dir/stdlib_dollars.nim.c.obj
 .rodata.echoBinSafe.str1.4
                0x000000001001046c       0x25 CMakeFiles/eeprom_programmer.dir/stdlib_io.nim.c.obj
                                          0x6 (size before relaxing)
 .rodata.raiseOverflow.str1.4
                0x000000001001046c        0xf CMakeFiles/eeprom_programmer.dir/stdlib_system.nim.c.obj
                                         0x26 (size before relaxing)
 *fill*         0x000000001001047b        0x1 
 .rodata.raiseRangeErrorI.str1.4
                0x000000001001047c        0xc CMakeFiles/eeprom_programmer.dir/stdlib_system.nim.c.obj
 .rodata.signalHandler.str1.4
                0x0000000010010488       0xc8 CMakeFiles/eeprom_programmer.dir/stdlib_system.nim.c.obj
 .rodata.raiseIndexError2.str1.4
                0x0000000010010550        0xc CMakeFiles/eeprom_programmer.dir/stdlib_system.nim.c.obj
 .rodata.systemDatInit000.str1.4
                0x000000001001055c      0x12b CMakeFiles/eeprom_programmer.dir/stdlib_system.nim.c.obj
 *fill*         0x0000000010010687        0x1 
 .rodata.TM__Q5wkpxktOdTGvlSRo9bzt9aw_37
                0x0000000010010688       0x1c CMakeFiles/eeprom_programmer.dir/stdlib_system.nim.c.obj
 .rodata.TM__Q5wkpxktOdTGvlSRo9bzt9aw_54
                0x00000000100106a4        0xc CMakeFiles/eeprom_programmer.dir/stdlib_system.nim.c.obj
 .rodata.TM__Q5wkpxktOdTGvlSRo9bzt9aw_56
                0x00000000100106b0        0xc CMakeFiles/eeprom_programmer.dir/stdlib_system.nim.c.obj
 .rodata.TM__Q5wkpxktOdTGvlSRo9bzt9aw_61
                0x00000000100106bc       0x18 CMakeFiles/eeprom_programmer.dir/stdlib_system.nim.c.obj
 .rodata.TM__Q5wkpxktOdTGvlSRo9bzt9aw_64
                0x00000000100106d4       0x30 CMakeFiles/eeprom_programmer.dir/stdlib_system.nim.c.obj
 .rodata.TM__Q5wkpxktOdTGvlSRo9bzt9aw_66
                0x0000000010010704        0xc CMakeFiles/eeprom_programmer.dir/stdlib_system.nim.c.obj
 .rodata.TM__Q5wkpxktOdTGvlSRo9bzt9aw_68
                0x0000000010010710       0x14 CMakeFiles/eeprom_programmer.dir/stdlib_system.nim.c.obj
 .rodata.X5BX5D___izypgEXDrOPhvdwKMbE2zw.str1.4
                0x0000000010010724       0x1b CMakeFiles/eeprom_programmer.dir/stdlib_tables.nim.c.obj
 *fill*         0x000000001001073f        0x1 
 .rodata.TM__4SoG2KRQy3oMm9aUzSLtGrA_31
                0x0000000010010740       0x14 CMakeFiles/eeprom_programmer.dir/stdlib_tables.nim.c.obj
 .rodata.TM__4SoG2KRQy3oMm9aUzSLtGrA_7
                0x0000000010010754       0x34 CMakeFiles/eeprom_programmer.dir/stdlib_tables.nim.c.obj
 .rodata.TM__4SoG2KRQy3oMm9aUzSLtGrA_8
                0x0000000010010788        0x8 CMakeFiles/eeprom_programmer.dir/stdlib_tables.nim.c.obj
 .rodata.spin_lock_claim_unused.str1.4
                0x0000000010010790       0x1b CMakeFiles/eeprom_programmer.dir/home/casey/pico-sdk/src/rp2_common/hardware_sync/sync.c.obj
 *fill*         0x00000000100107ab        0x5 
 .rodata.at_the_end_of_time
                0x00000000100107b0        0x8 CMakeFiles/eeprom_programmer.dir/home/casey/pico-sdk/src/common/pico_time/time.c.obj
                0x00000000100107b0                at_the_end_of_time
 .rodata.hardware_alarm_claim.str1.4
                0x00000000100107b8       0x22 CMakeFiles/eeprom_programmer.dir/home/casey/pico-sdk/src/rp2_common/hardware_timer/timer.c.obj
 *fill*         0x00000000100107da        0x2 
 .rodata.panic.str1.4
                0x00000000100107dc       0x10 CMakeFiles/eeprom_programmer.dir/home/casey/pico-sdk/src/rp2_common/pico_runtime/runtime.c.obj
                                         0x12 (size before relaxing)
 .rodata.hard_assertion_failure.str1.4
                0x00000000100107ec        0xc CMakeFiles/eeprom_programmer.dir/home/casey/pico-sdk/src/rp2_common/pico_runtime/runtime.c.obj
 .rodata._ftoa.str1.4
                0x00000000100107f8       0x15 CMakeFiles/eeprom_programmer.dir/home/casey/pico-sdk/src/rp2_common/pico_printf/printf.c.obj
 *fill*         0x000000001001080d        0x3 
 .rodata._vsnprintf
                0x0000000010010810      0x1e0 CMakeFiles/eeprom_programmer.dir/home/casey/pico-sdk/src/rp2_common/pico_printf/printf.c.obj
 .rodata.pow10.5435
                0x00000000100109f0       0x50 CMakeFiles/eeprom_programmer.dir/home/casey/pico-sdk/src/rp2_common/pico_printf/printf.c.obj
 .rodata.__wrap_malloc.str1.4
                0x0000000010010a40        0xe CMakeFiles/eeprom_programmer.dir/home/casey/pico-sdk/src/rp2_common/pico_malloc/pico_malloc.c.obj
 *fill*         0x0000000010010a4e        0x2 
 .rodata.str1.4
                0x0000000010010a50       0x4c CMakeFiles/eeprom_programmer.dir/home/casey/pico-sdk/src/rp2_common/pico_standard_link/binary_info.c.obj
 .rodata.__bi_44
                0x0000000010010a9c        0xc CMakeFiles/eeprom_programmer.dir/home/casey/pico-sdk/src/rp2_common/pico_standard_link/binary_info.c.obj
 .rodata.__bi_69
                0x0000000010010aa8        0xc CMakeFiles/eeprom_programmer.dir/home/casey/pico-sdk/src/rp2_common/pico_standard_link/binary_info.c.obj
 .rodata.__bi_75
                0x0000000010010ab4        0xc CMakeFiles/eeprom_programmer.dir/home/casey/pico-sdk/src/rp2_common/pico_standard_link/binary_info.c.obj
 .rodata.__bi_81
                0x0000000010010ac0        0xc CMakeFiles/eeprom_programmer.dir/home/casey/pico-sdk/src/rp2_common/pico_standard_link/binary_info.c.obj
 .rodata.crlf_str.5866
                0x0000000010010acc        0x2 CMakeFiles/eeprom_programmer.dir/home/casey/pico-sdk/src/rp2_common/pico_stdio/stdio.c.obj
 *fill*         0x0000000010010ace        0x2 
 .rodata._resetd_driver
                0x0000000010010ad0       0x18 CMakeFiles/eeprom_programmer.dir/home/casey/pico-sdk/src/rp2_common/pico_stdio_usb/reset_interface.c.obj
 .rodata.str1.4
                0x0000000010010ae8       0x13 CMakeFiles/eeprom_programmer.dir/home/casey/pico-sdk/src/rp2_common/pico_stdio_usb/stdio_usb.c.obj
 *fill*         0x0000000010010afb        0x1 
 .rodata.__bi_93.7123